Archive member included because of file (symbol)

./../Platform/Sensors/debug/libSensors_efm32_debug.a(Environmental.o)
                              C:/Users/Leo/XDK-Workspace/stuff/debug/objects/stuff.o (Environmental_init)
./../Platform/Sensors/debug/libSensors_efm32_debug.a(EnvironmentalUtils.o)
                              ./../Platform/Sensors/debug/libSensors_efm32_debug.a(Environmental.o) (SetAmbientTemperatureOffset)
./../Platform/BSP/debug/libBSP_efm32_debug.a(BSP_LED.o)
                              C:/Users/Leo/XDK-Workspace/stuff/debug/objects/source/SystemStartup.o (BSP_LED_Connect)
./../Platform/BSP/debug/libBSP_efm32_debug.a(BSP_USB.o)
                              C:/Users/Leo/XDK-Workspace/stuff/debug/objects/source/RetargetStdio.o (RETARGET_WriteChar)
./../Platform/BSP/debug/libBSP_efm32_debug.a(BSP_Board.o)
                              C:/Users/Leo/XDK-Workspace/stuff/debug/objects/source/SystemStartup.o (BSP_Board_OSTickInitialize)
./../Platform/BSP/debug/libBSP_efm32_debug.a(BSP_DMA.o)
                              ./../Platform/BSP/debug/libBSP_efm32_debug.a(BSP_Board.o) (BSP_DMA_Initialize)
./../Platform/BSP/debug/libBSP_efm32_debug.a(BSP_IrqHandler.o)
                              ./../Platform/BSP/debug/libBSP_efm32_debug.a(BSP_Board.o) (IrqHandler_SysTickDummyHandler)
./../Platform/BSP/debug/libBSP_efm32_debug.a(BSP_ExtensionPort.o)
                              ./../Platform/BSP/debug/libBSP_efm32_debug.a(BSP_IrqHandler.o) (BSP_ExtensionPort_I2cIsr)
./../Platform/BSP/debug/libBSP_efm32_debug.a(BSP_WiFi_cc3100mod.o)
                              ./../Platform/BSP/debug/libBSP_efm32_debug.a(BSP_IrqHandler.o) (WiFi_CC3100MOD_SPIRxISR)
./../Platform/BSP/debug/libBSP_efm32_debug.a(BSP_BT_EM9301.o)
                              ./../Platform/BSP/debug/libBSP_efm32_debug.a(BSP_IrqHandler.o) (BT_EM9301_UART_TxISR)
./../Platform/BSP/debug/libBSP_efm32_debug.a(BSP_SensorNode.o)
                              ./../Platform/BSP/debug/libBSP_efm32_debug.a(BSP_IrqHandler.o) (SensorNode_I2CISR)
./../Platform/BSP/debug/libBSP_efm32_debug.a(BSP_SDCard.o)
                              ./../Platform/BSP/debug/libBSP_efm32_debug.a(BSP_IrqHandler.o) (SDCard_SPIRxISR)
./../Libraries/FreeRTOS/debug/libFreeRTOS_efm32_debug.a(tasks.o)
                              C:/Users/Leo/XDK-Workspace/stuff/debug/objects/stuff.o (xTaskGenericCreate)
./../Libraries/FreeRTOS/debug/libFreeRTOS_efm32_debug.a(timers.o)
                              ./../Libraries/FreeRTOS/debug/libFreeRTOS_efm32_debug.a(tasks.o) (xTimerCreateTimerTask)
./../Libraries/FreeRTOS/debug/libFreeRTOS_efm32_debug.a(heap_4.o)
                              ./../Libraries/FreeRTOS/debug/libFreeRTOS_efm32_debug.a(tasks.o) (pvPortMalloc)
./../Libraries/FreeRTOS/debug/libFreeRTOS_efm32_debug.a(port.o)
                              ./../Libraries/FreeRTOS/debug/libFreeRTOS_efm32_debug.a(tasks.o) (pxPortInitialiseStack)
./../Libraries/FreeRTOS/debug/libFreeRTOS_efm32_debug.a(list.o)
                              ./../Libraries/FreeRTOS/debug/libFreeRTOS_efm32_debug.a(tasks.o) (vListInitialise)
./../Libraries/FreeRTOS/debug/libFreeRTOS_efm32_debug.a(queue.o)
                              ./../Libraries/FreeRTOS/debug/libFreeRTOS_efm32_debug.a(timers.o) (xQueueGenericCreate)
./../Libraries/EMlib/debug/libEMLib_efm32_debug.a(em_adc.o)
                              ./../Platform/BSP/debug/libBSP_efm32_debug.a(BSP_Board.o) (ADC_Init)
./../Libraries/EMlib/debug/libEMLib_efm32_debug.a(em_cmu.o)
                              ./../Platform/BSP/debug/libBSP_efm32_debug.a(BSP_Board.o) (CMU_ClockDivSet)
./../Libraries/EMlib/debug/libEMLib_efm32_debug.a(em_msc.o)
                              ./../Platform/BSP/debug/libBSP_efm32_debug.a(BSP_Board.o) (MSC_Init)
./../Libraries/EMlib/debug/libEMLib_efm32_debug.a(em_dma.o)
                              ./../Platform/BSP/debug/libBSP_efm32_debug.a(BSP_DMA.o) (DMA_Reset)
./../Libraries/EMlib/debug/libEMLib_efm32_debug.a(em_emu.o)
                              ./../Libraries/EMlib/debug/libEMLib_efm32_debug.a(em_cmu.o) (EMU_UpdateOscConfig)
./../Libraries/EMlib/debug/libEMLib_efm32_debug.a(em_gpio.o)
                              ./../Platform/BSP/debug/libBSP_efm32_debug.a(BSP_Board.o) (GPIO_DriveModeSet)
./../Libraries/EMlib/debug/libEMLib_efm32_debug.a(em_int.o)
                              C:/Users/Leo/XDK-Workspace/stuff/debug/objects/./../Libraries/EMlib/3rd-party/EMLib/usb/src/em_usbdint.o (INT_LockCnt)
./../Libraries/EMlib/debug/libEMLib_efm32_debug.a(em_i2c.o)
                              ./../Platform/BSP/debug/libBSP_efm32_debug.a(BSP_ExtensionPort.o) (I2C_Enable)
./../Libraries/EMlib/debug/libEMLib_efm32_debug.a(em_usart.o)
                              ./../Platform/BSP/debug/libBSP_efm32_debug.a(BSP_Board.o) (USART_BaudrateSyncSet)
./../Libraries/EMlib/debug/libEMLib_efm32_debug.a(em_system.o)
                              ./../Platform/BSP/debug/libBSP_efm32_debug.a(BSP_Board.o) (SYSTEM_ChipRevisionGet)
[...]
Memory Configuration

Name             Origin             Length             Attributes
FLASH            0x00020200         0x000dfe00         xr
RAM              0x20000000         0x00020000         xrw
*default*        0x00000000         0xffffffff

Linker script and memory map

LOAD c:/xdk-workbench/xdk/armgcc/bin/../lib/gcc/arm-none-eabi/4.7.4/armv7-m/crti.o
LOAD c:/xdk-workbench/xdk/armgcc/bin/../lib/gcc/arm-none-eabi/4.7.4/armv7-m/crtbegin.o
LOAD c:/xdk-workbench/xdk/armgcc/bin/../lib/gcc/arm-none-eabi/4.7.4/../../../../arm-none-eabi/lib/armv7-m/crt0.o
LOAD C:/Users/Leo/XDK-Workspace/stuff/debug/objects/source/Assert.o
LOAD C:/Users/Leo/XDK-Workspace/stuff/debug/objects/source/RetargetStdio.o
LOAD C:/Users/Leo/XDK-Workspace/stuff/debug/objects/source/BleDeviceInfoService.o
LOAD C:/Users/Leo/XDK-Workspace/stuff/debug/objects/source/cJSON.o
LOAD C:/Users/Leo/XDK-Workspace/stuff/debug/objects/source/UsbResetUtility.o
LOAD C:/Users/Leo/XDK-Workspace/stuff/debug/objects/source/SensorHandle.o
LOAD C:/Users/Leo/XDK-Workspace/stuff/debug/objects/source/SystemStartup.o
LOAD C:/Users/Leo/XDK-Workspace/stuff/debug/objects/source/XdkVersion.o
LOAD C:/Users/Leo/XDK-Workspace/stuff/debug/objects/legacy/source/ServalPAL_WiFi.o
LOAD C:/Users/Leo/XDK-Workspace/stuff/debug/objects/./../Libraries/EMlib/3rd-party/EMLib/usb/src/em_usbdint.o
LOAD C:/Users/Leo/XDK-Workspace/stuff/debug/objects/Main.o
LOAD C:/Users/Leo/XDK-Workspace/stuff/debug/objects/stuff.o
LOAD C:/Users/Leo/XDK-Workspace/stuff/debug/objects/startup_efm32gg.o
START GROUP
LOAD ./../Platform/SensorUtils/debug/libSensorUtils_efm32_debug.a
LOAD ./../Platform/Sensors/debug/libSensors_efm32_debug.a
LOAD ./../Platform/BSP/debug/libBSP_efm32_debug.a
LOAD ./../Libraries/FreeRTOS/debug/libFreeRTOS_efm32_debug.a
LOAD ./../Libraries/EMlib/debug/libEMLib_efm32_debug.a
LOAD ./../Libraries/BSTLib/debug/libBSTLib_efm32_debug.a
LOAD ./../Libraries/WiFi/debug/libWiFi_efm32_debug.a
LOAD ./../Libraries/FATfs/debug/libFATfs_efm32_debug.a
LOAD ./../Platform/Essentials/release/libEssentials_efm32.a
LOAD ./../Platform/Utils/release/libUtils_efm32.a
LOAD ./../Platform/Drivers/release/libDrivers_efm32.a
LOAD ./../Platform/FOTA/release/libFOTA_efm32.a
LOAD ./../Platform/Wlan/release/libWlan_efm32.a
LOAD ./../Platform/BLE/release/libBLE_efm32.a
LOAD ./../Platform/SensorToolbox/release/libSensorToolbox_efm32.a
LOAD ./../Libraries/BLEStack/3rd-party/Alpwise/ALPW-BLESDKCM3/BLESW_AlertNotification/Libraries/BLESW_ANP_Server_CM3.a
LOAD ./../Libraries/BLEStack/3rd-party/Alpwise/ALPW-BLESDKCM3/BLESW_AlertNotification/Libraries/BLESW_ANP_Client_CM3.a
LOAD ./../Libraries/BLEStack/3rd-party/Alpwise/ALPW-BLESDKCM3/BLESW_ALPWDataExchange/Libraries/BLESW_ALPWDEP_Server_CM3.a
LOAD ./../Libraries/BLEStack/3rd-party/Alpwise/ALPW-BLESDKCM3/BLESW_ALPWDataExchange/Libraries/BLESW_ALPWDEP_Client_CM3.a
LOAD ./../Libraries/BLEStack/3rd-party/Alpwise/ALPW-BLESDKCM3/BLESW_AppleNotificationCenter/Libraries/BLESW_ANCP_Consumer_CM3.a
LOAD ./../Libraries/BLEStack/3rd-party/Alpwise/ALPW-BLESDKCM3/BLESW_BloodPressure/Libraries/BLESW_BLP_Sensor_CM3.a
LOAD ./../Libraries/BLEStack/3rd-party/Alpwise/ALPW-BLESDKCM3/BLESW_BloodPressure/Libraries/BLESW_BLP_Collector_CM3.a
LOAD ./../Libraries/BLEStack/3rd-party/Alpwise/ALPW-BLESDKCM3/BLESW_CoreStack/Libraries/BLESW_CPS_CM3.a
LOAD ./../Libraries/BLEStack/3rd-party/Alpwise/ALPW-BLESDKCM3/BLESW_CoreStack/Libraries/BLESW_CoreStack_CM3.a
LOAD ./../Libraries/BLEStack/3rd-party/Alpwise/ALPW-BLESDKCM3/BLESW_CoreStack/Libraries/BLESW_CSCS_CM3.a
LOAD ./../Libraries/BLEStack/3rd-party/Alpwise/ALPW-BLESDKCM3/BLESW_CoreStack/Libraries/BLESW_RTUS_CM3.a
LOAD ./../Libraries/BLEStack/3rd-party/Alpwise/ALPW-BLESDKCM3/BLESW_CoreStack/Libraries/BLESW_HRS_CM3.a
LOAD ./../Libraries/BLEStack/3rd-party/Alpwise/ALPW-BLESDKCM3/BLESW_CoreStack/Libraries/BLESW_CTS_CM3.a
LOAD ./../Libraries/BLEStack/3rd-party/Alpwise/ALPW-BLESDKCM3/BLESW_CoreStack/Libraries/BLESW_CoreStack_Monitor_CM3.a
LOAD ./../Libraries/BLEStack/3rd-party/Alpwise/ALPW-BLESDKCM3/BLESW_CoreStack/Libraries/BLESW_UDS_CM3.a
LOAD ./../Libraries/BLEStack/3rd-party/Alpwise/ALPW-BLESDKCM3/BLESW_CoreStack/Libraries/BLESW_NDCS_CM3.a
LOAD ./../Libraries/BLEStack/3rd-party/Alpwise/ALPW-BLESDKCM3/BLESW_CoreStack/Libraries/BLESW_TPS_CM3.a
LOAD ./../Libraries/BLEStack/3rd-party/Alpwise/ALPW-BLESDKCM3/BLESW_CoreStack/Libraries/BLESW_BLS_CM3.a
LOAD ./../Libraries/BLEStack/3rd-party/Alpwise/ALPW-BLESDKCM3/BLESW_CoreStack/Libraries/BLESW_LNS_CM3.a
LOAD ./../Libraries/BLEStack/3rd-party/Alpwise/ALPW-BLESDKCM3/BLESW_CoreStack/Libraries/BLESW_LLS_CM3.a
LOAD ./../Libraries/BLEStack/3rd-party/Alpwise/ALPW-BLESDKCM3/BLESW_CoreStack/Libraries/BLESW_WSS_CM3.a
LOAD ./../Libraries/BLEStack/3rd-party/Alpwise/ALPW-BLESDKCM3/BLESW_CoreStack/Libraries/BLESW_RSCS_CM3.a
LOAD ./../Libraries/BLEStack/3rd-party/Alpwise/ALPW-BLESDKCM3/BLESW_CoreStack/Libraries/BLESW_BAS_CM3.a
LOAD ./../Libraries/BLEStack/3rd-party/Alpwise/ALPW-BLESDKCM3/BLESW_CoreStack/Libraries/BLESW_IAS_CM3.a
LOAD ./../Libraries/BLEStack/3rd-party/Alpwise/ALPW-BLESDKCM3/BLESW_CoreStack/Libraries/BLESW_PASS_CM3.a
LOAD ./../Libraries/BLEStack/3rd-party/Alpwise/ALPW-BLESDKCM3/BLESW_CoreStack/Libraries/BLESW_HTS_CM3.a
LOAD ./../Libraries/BLEStack/3rd-party/Alpwise/ALPW-BLESDKCM3/BLESW_CoreStack/Libraries/BLESW_ALPWDES_CM3.a
LOAD ./../Libraries/BLEStack/3rd-party/Alpwise/ALPW-BLESDKCM3/BLESW_CoreStack/Libraries/BLESW_BCS_CM3.a
LOAD ./../Libraries/BLEStack/3rd-party/Alpwise/ALPW-BLESDKCM3/BLESW_CoreStack/Libraries/BLESW_ANS_CM3.a
LOAD ./../Libraries/BLEStack/3rd-party/Alpwise/ALPW-BLESDKCM3/BLESW_CoreStack/Libraries/BLESW_HIDS_CM3.a
LOAD ./../Libraries/BLEStack/3rd-party/Alpwise/ALPW-BLESDKCM3/BLESW_CoreStack/Libraries/BLESW_GLS_CM3.a
LOAD ./../Libraries/BLEStack/3rd-party/Alpwise/ALPW-BLESDKCM3/BLESW_CoreStack/Libraries/BLESW_NWAS_CM3.a
LOAD ./../Libraries/BLEStack/3rd-party/Alpwise/ALPW-BLESDKCM3/BLESW_CoreStack/Libraries/BLESW_DIS_CM3.a
LOAD ./../Libraries/BLEStack/3rd-party/Alpwise/ALPW-BLESDKCM3/BLESW_CyclingPower/Libraries/BLESW_CPP_Sensor_CM3.a
LOAD ./../Libraries/BLEStack/3rd-party/Alpwise/ALPW-BLESDKCM3/BLESW_CyclingPower/Libraries/BLESW_CPP_Collector_CM3.a
LOAD ./../Libraries/BLEStack/3rd-party/Alpwise/ALPW-BLESDKCM3/BLESW_CyclingSpeedAndCadence/Libraries/BLESW_CSCP_Sensor_CM3.a
LOAD ./../Libraries/BLEStack/3rd-party/Alpwise/ALPW-BLESDKCM3/BLESW_CyclingSpeedAndCadence/Libraries/BLESW_CSCP_Collector_CM3.a
LOAD ./../Libraries/BLEStack/3rd-party/Alpwise/ALPW-BLESDKCM3/BLESW_FindMe/Libraries/BLESW_FMP_Target_CM3.a
LOAD ./../Libraries/BLEStack/3rd-party/Alpwise/ALPW-BLESDKCM3/BLESW_FindMe/Libraries/BLESW_FMP_Locator_CM3.a
LOAD ./../Libraries/BLEStack/3rd-party/Alpwise/ALPW-BLESDKCM3/BLESW_Glucose/Libraries/BLESW_GLP_Sensor_CM3.a
LOAD ./../Libraries/BLEStack/3rd-party/Alpwise/ALPW-BLESDKCM3/BLESW_Glucose/Libraries/BLESW_GLP_Collector_CM3.a
LOAD ./../Libraries/BLEStack/3rd-party/Alpwise/ALPW-BLESDKCM3/BLESW_HealthThermometer/Libraries/BLESW_HTP_Thermometer_CM3.a
LOAD ./../Libraries/BLEStack/3rd-party/Alpwise/ALPW-BLESDKCM3/BLESW_HealthThermometer/Libraries/BLESW_HTP_Collector_CM3.a
LOAD ./../Libraries/BLEStack/3rd-party/Alpwise/ALPW-BLESDKCM3/BLESW_HeartRate/Libraries/BLESW_HRP_Sensor_CM3.a
LOAD ./../Libraries/BLEStack/3rd-party/Alpwise/ALPW-BLESDKCM3/BLESW_HeartRate/Libraries/BLESW_HRP_Collector_CM3.a
LOAD ./../Libraries/BLEStack/3rd-party/Alpwise/ALPW-BLESDKCM3/BLESW_HumanInterfaceDevice/Libraries/BLESW_HID_Device_CM3.a
LOAD ./../Libraries/BLEStack/3rd-party/Alpwise/ALPW-BLESDKCM3/BLESW_HumanInterfaceDevice/Libraries/BLESW_HID_Host_CM3.a
LOAD ./../Libraries/BLEStack/3rd-party/Alpwise/ALPW-BLESDKCM3/BLESW_iBeacon/Libraries/BLESW_IBN_Reporter_CM3.a
LOAD ./../Libraries/BLEStack/3rd-party/Alpwise/ALPW-BLESDKCM3/BLESW_LocationAndNavigation/Libraries/BLESW_LNP_Sensor_CM3.a
LOAD ./../Libraries/BLEStack/3rd-party/Alpwise/ALPW-BLESDKCM3/BLESW_LocationAndNavigation/Libraries/BLESW_LNP_Collector_CM3.a
LOAD ./../Libraries/BLEStack/3rd-party/Alpwise/ALPW-BLESDKCM3/BLESW_NetworkAvailability/Libraries/BLESW_NWAP_Monitor_CM3.a
LOAD ./../Libraries/BLEStack/3rd-party/Alpwise/ALPW-BLESDKCM3/BLESW_NetworkAvailability/Libraries/BLESW_NWAP_Reporter_CM3.a
LOAD ./../Libraries/BLEStack/3rd-party/Alpwise/ALPW-BLESDKCM3/BLESW_PhoneAlertStatus/Libraries/BLESW_PASP_Client_CM3.a
LOAD ./../Libraries/BLEStack/3rd-party/Alpwise/ALPW-BLESDKCM3/BLESW_PhoneAlertStatus/Libraries/BLESW_PASP_Server_CM3.a
LOAD ./../Libraries/BLEStack/3rd-party/Alpwise/ALPW-BLESDKCM3/BLESW_Proximity/Libraries/BLESW_PXP_Reporter_CM3.a
LOAD ./../Libraries/BLEStack/3rd-party/Alpwise/ALPW-BLESDKCM3/BLESW_Proximity/Libraries/BLESW_PXP_Monitor_CM3.a
LOAD ./../Libraries/BLEStack/3rd-party/Alpwise/ALPW-BLESDKCM3/BLESW_RunningSpeedAndCadence/Libraries/BLESW_RSCP_Sensor_CM3.a
LOAD ./../Libraries/BLEStack/3rd-party/Alpwise/ALPW-BLESDKCM3/BLESW_RunningSpeedAndCadence/Libraries/BLESW_RSCP_Collector_CM3.a
LOAD ./../Libraries/BLEStack/3rd-party/Alpwise/ALPW-BLESDKCM3/BLESW_Time/Libraries/BLESW_TIP_Server_CM3.a
LOAD ./../Libraries/BLEStack/3rd-party/Alpwise/ALPW-BLESDKCM3/BLESW_Time/Libraries/BLESW_TIP_Client_CM3.a
LOAD ./../Libraries/EMlib/3rd-party/EMLib/CMSIS/Lib/GCC/libarm_cortexM3l_math.a
LOAD ./../Libraries/BSX/BSX4/Source/algo/algo_bsx/Lib/libalgobsxm3/libalgobsx.a
LOAD ./../Platform/LoRaDrivers/release/libLoRaDrivers_efm32.a
LOAD ./../Platform/ServalPAL/release/libServalPal_TLS_Enabled_efm32.a
LOAD ./../Libraries/Escrypt_CycurTLS/release/libEscrypt_CycurTLS_RSA_WITH_AES_efm32.a
END GROUP
START GROUP
LOAD c:/xdk-workbench/xdk/armgcc/bin/../lib/gcc/arm-none-eabi/4.7.4/armv7-m\libgcc.a
LOAD c:/xdk-workbench/xdk/armgcc/bin/../lib/gcc/arm-none-eabi/4.7.4/../../../../arm-none-eabi/lib/armv7-m\libc.a
LOAD c:/xdk-workbench/xdk/armgcc/bin/../lib/gcc/arm-none-eabi/4.7.4/../../../../arm-none-eabi/lib/armv7-m\libm.a
END GROUP
START GROUP
LOAD c:/xdk-workbench/xdk/armgcc/bin/../lib/gcc/arm-none-eabi/4.7.4/armv7-m\libgcc.a
LOAD c:/xdk-workbench/xdk/armgcc/bin/../lib/gcc/arm-none-eabi/4.7.4/../../../../arm-none-eabi/lib/armv7-m\libc.a
END GROUP
LOAD c:/xdk-workbench/xdk/armgcc/bin/../lib/gcc/arm-none-eabi/4.7.4/armv7-m/crtend.o
LOAD c:/xdk-workbench/xdk/armgcc/bin/../lib/gcc/arm-none-eabi/4.7.4/armv7-m/crtn.o

.text           0x00020200    0x3cb6c
 *(.isr_vector)
 .isr_vector    0x00020200      0x100 C:/Users/Leo/XDK-Workspace/stuff/debug/objects/startup_efm32gg.o
                0x00020200                __isr_vector
 *(.text*)
 .text          0x00020300       0x54 c:/xdk-workbench/xdk/armgcc/bin/../lib/gcc/arm-none-eabi/4.7.4/armv7-m/crtbegin.o
 .text          0x00020354       0x70 c:/xdk-workbench/xdk/armgcc/bin/../lib/gcc/arm-none-eabi/4.7.4/../../../../arm-none-eabi/lib/armv7-m/crt0.o
                0x00020354                _start
                0x00020354                start
                0x00020354                _mainCRTStartup
 .text.Assert_Initialize
                0x000203c4       0x40 C:/Users/Leo/XDK-Workspace/stuff/debug/objects/source/Assert.o
                0x000203c4                Assert_Initialize
 .text.Assert_Dynamic
                0x00020404       0x2c C:/Users/Leo/XDK-Workspace/stuff/debug/objects/source/Assert.o
                0x00020404                Assert_Dynamic
 .text._close   0x00020430       0x18 C:/Users/Leo/XDK-Workspace/stuff/debug/objects/source/RetargetStdio.o
                0x00020430                _close
 .text._exit    0x00020448        0xc C:/Users/Leo/XDK-Workspace/stuff/debug/objects/source/RetargetStdio.o
                0x00020448                _exit
 .text._fstat   0x00020454       0x24 C:/Users/Leo/XDK-Workspace/stuff/debug/objects/source/RetargetStdio.o
                0x00020454                _fstat
 .text._isatty  0x00020478       0x18 C:/Users/Leo/XDK-Workspace/stuff/debug/objects/source/RetargetStdio.o
                0x00020478                _isatty
 .text._lseek   0x00020490       0x1c C:/Users/Leo/XDK-Workspace/stuff/debug/objects/source/RetargetStdio.o
                0x00020490                _lseek
 .text._read    0x000204ac       0x70 C:/Users/Leo/XDK-Workspace/stuff/debug/objects/source/RetargetStdio.o
                0x000204ac                _read
 .text._sbrk    0x0002051c       0xa0 C:/Users/Leo/XDK-Workspace/stuff/debug/objects/source/RetargetStdio.o
                0x0002051c                _sbrk
 .text._write   0x000205bc       0x20 C:/Users/Leo/XDK-Workspace/stuff/debug/objects/source/RetargetStdio.o
                0x000205bc                _write
 .text.NVIC_SystemReset
                0x000205dc       0x30 C:/Users/Leo/XDK-Workspace/stuff/debug/objects/source/UsbResetUtility.o
 .text.UsbResetUtility_SystemReset
                0x0002060c       0x10 C:/Users/Leo/XDK-Workspace/stuff/debug/objects/source/UsbResetUtility.o
 .text.UsbResetUtility_InteruptHandling
                0x0002061c       0x54 C:/Users/Leo/XDK-Workspace/stuff/debug/objects/source/UsbResetUtility.o
 .text.UsbResetUtility_Init
                0x00020670       0x40 C:/Users/Leo/XDK-Workspace/stuff/debug/objects/source/UsbResetUtility.o
                0x00020670                UsbResetUtility_Init
 .text.UsbResetUtility_UsbISRCallback
                0x000206b0      0x138 C:/Users/Leo/XDK-Workspace/stuff/debug/objects/source/UsbResetUtility.o
                0x000206b0                UsbResetUtility_UsbISRCallback
 .text.Retcode_GetPackage
                0x000207e8       0x1c C:/Users/Leo/XDK-Workspace/stuff/debug/objects/source/SystemStartup.o
 .text.Retcode_GetModuleId
                0x00020804       0x1c C:/Users/Leo/XDK-Workspace/stuff/debug/objects/source/SystemStartup.o
 .text.Retcode_GetSeverity
                0x00020820       0x24 C:/Users/Leo/XDK-Workspace/stuff/debug/objects/source/SystemStartup.o
 .text.Retcode_GetCode
                0x00020844       0x20 C:/Users/Leo/XDK-Workspace/stuff/debug/objects/source/SystemStartup.o
 .text.bleGetMacAddress
                0x00020864       0xec C:/Users/Leo/XDK-Workspace/stuff/debug/objects/source/SystemStartup.o
 .text.SysTickPreCallback
                0x00020950       0x14 C:/Users/Leo/XDK-Workspace/stuff/debug/objects/source/SystemStartup.o
 .text.DefaultErrorHandlingFunc
                0x00020964       0xf4 C:/Users/Leo/XDK-Workspace/stuff/debug/objects/source/SystemStartup.o
                0x00020964                DefaultErrorHandlingFunc
 .text.assertIndicationMapping
                0x00020a58       0x44 C:/Users/Leo/XDK-Workspace/stuff/debug/objects/source/SystemStartup.o
                0x00020a58                assertIndicationMapping
 .text.systemStartup
                0x00020a9c      0x154 C:/Users/Leo/XDK-Workspace/stuff/debug/objects/source/SystemStartup.o
                0x00020a9c                systemStartup
 .text.vApplicationStackOverflowHook
                0x00020bf0       0x5c C:/Users/Leo/XDK-Workspace/stuff/debug/objects/source/SystemStartup.o
                0x00020bf0                vApplicationStackOverflowHook
 .text.vApplicationMallocFailedHook
                0x00020c4c       0x14 C:/Users/Leo/XDK-Workspace/stuff/debug/objects/source/SystemStartup.o
                0x00020c4c                vApplicationMallocFailedHook
 .text.INT_Disable
                0x00020c60       0x40 C:/Users/Leo/XDK-Workspace/stuff/debug/objects/./../Libraries/EMlib/3rd-party/EMLib/usb/src/em_usbdint.o
 .text.INT_Enable
                0x00020ca0       0x54 C:/Users/Leo/XDK-Workspace/stuff/debug/objects/./../Libraries/EMlib/3rd-party/EMLib/usb/src/em_usbdint.o
 .text.USBHAL_FlushTxFifo
                0x00020cf4       0x4c C:/Users/Leo/XDK-Workspace/stuff/debug/objects/./../Libraries/EMlib/3rd-party/EMLib/usb/src/em_usbdint.o
 .text.USBHAL_GetCoreInts
                0x00020d40       0x40 C:/Users/Leo/XDK-Workspace/stuff/debug/objects/./../Libraries/EMlib/3rd-party/EMLib/usb/src/em_usbdint.o
 .text.USBDHAL_EnableInts
                0x00020d80       0x70 C:/Users/Leo/XDK-Workspace/stuff/debug/objects/./../Libraries/EMlib/3rd-party/EMLib/usb/src/em_usbdint.o
 .text.USBDHAL_Ep0Activate
                0x00020df0       0x70 C:/Users/Leo/XDK-Workspace/stuff/debug/objects/./../Libraries/EMlib/3rd-party/EMLib/usb/src/em_usbdint.o
 .text.USBDHAL_GetAllInEpInts
                0x00020e60       0x48 C:/Users/Leo/XDK-Workspace/stuff/debug/objects/./../Libraries/EMlib/3rd-party/EMLib/usb/src/em_usbdint.o
 .text.USBDHAL_GetAllOutEpInts
                0x00020ea8       0x44 C:/Users/Leo/XDK-Workspace/stuff/debug/objects/./../Libraries/EMlib/3rd-party/EMLib/usb/src/em_usbdint.o
 .text.USBDHAL_GetInEpInts
                0x00020eec       0x44 C:/Users/Leo/XDK-Workspace/stuff/debug/objects/./../Libraries/EMlib/3rd-party/EMLib/usb/src/em_usbdint.o
 .text.USBDHAL_GetOutEpInts
                0x00020f30       0x44 C:/Users/Leo/XDK-Workspace/stuff/debug/objects/./../Libraries/EMlib/3rd-party/EMLib/usb/src/em_usbdint.o
 .text.USBDHAL_StartEp0Setup
                0x00020f74       0x88 C:/Users/Leo/XDK-Workspace/stuff/debug/objects/./../Libraries/EMlib/3rd-party/EMLib/usb/src/em_usbdint.o
 .text.USBD_GetEpFromAddr
                0x00020ffc       0xa0 C:/Users/Leo/XDK-Workspace/stuff/debug/objects/./../Libraries/EMlib/3rd-party/EMLib/usb/src/em_usbdint.o
 .text.USB_IRQHandler
                0x0002109c      0x16c C:/Users/Leo/XDK-Workspace/stuff/debug/objects/./../Libraries/EMlib/3rd-party/EMLib/usb/src/em_usbdint.o
                0x0002109c                USB_IRQHandler
 .text.Handle_USB_GINTSTS_ENUMDONE
                0x00021208       0x3c C:/Users/Leo/XDK-Workspace/stuff/debug/objects/./../Libraries/EMlib/3rd-party/EMLib/usb/src/em_usbdint.o
 .text.Handle_USB_GINTSTS_IEPINT
                0x00021244      0x118 C:/Users/Leo/XDK-Workspace/stuff/debug/objects/./../Libraries/EMlib/3rd-party/EMLib/usb/src/em_usbdint.o
 .text.Handle_USB_GINTSTS_OEPINT
                0x0002135c      0x230 C:/Users/Leo/XDK-Workspace/stuff/debug/objects/./../Libraries/EMlib/3rd-party/EMLib/usb/src/em_usbdint.o
 .text.Handle_USB_GINTSTS_RESETDET
                0x0002158c       0x40 C:/Users/Leo/XDK-Workspace/stuff/debug/objects/./../Libraries/EMlib/3rd-party/EMLib/usb/src/em_usbdint.o
 .text.Handle_USB_GINTSTS_SOF
                0x000215cc       0x64 C:/Users/Leo/XDK-Workspace/stuff/debug/objects/./../Libraries/EMlib/3rd-party/EMLib/usb/src/em_usbdint.o
 .text.Handle_USB_GINTSTS_USBRST
                0x00021630      0x150 C:/Users/Leo/XDK-Workspace/stuff/debug/objects/./../Libraries/EMlib/3rd-party/EMLib/usb/src/em_usbdint.o
 .text.Handle_USB_GINTSTS_USBSUSP
                0x00021780       0x68 C:/Users/Leo/XDK-Workspace/stuff/debug/objects/./../Libraries/EMlib/3rd-party/EMLib/usb/src/em_usbdint.o
 .text.Handle_USB_GINTSTS_WKUPINT
                0x000217e8       0x30 C:/Users/Leo/XDK-Workspace/stuff/debug/objects/./../Libraries/EMlib/3rd-party/EMLib/usb/src/em_usbdint.o
 .text.main     0x00021818       0xa8 C:/Users/Leo/XDK-Workspace/stuff/debug/objects/Main.o
                0x00021818                main
 .text.bme_280_init
                0x000218c0      0x380 C:/Users/Leo/XDK-Workspace/stuff/debug/objects/stuff.o
                0x000218c0                bme_280_init
 .text.bme280_getSensorValues
                0x00021c40       0xa4 C:/Users/Leo/XDK-Workspace/stuff/debug/objects/stuff.o
                0x00021c40                bme280_getSensorValues
 .text.Callable_assign
                0x00021ce4       0x20 C:/Users/Leo/XDK-Workspace/stuff/debug/objects/stuff.o
 .text.ServalPalSetup
                0x00021d04       0x7c C:/Users/Leo/XDK-Workspace/stuff/debug/objects/stuff.o
 .text.connectToWLAN
                0x00021d80      0x104 C:/Users/Leo/XDK-Workspace/stuff/debug/objects/stuff.o
 .text.httpRequestSentCallback
                0x00021e84       0x70 C:/Users/Leo/XDK-Workspace/stuff/debug/objects/stuff.o
 .text.httpGetResponseCallback
                0x00021ef4      0x160 C:/Users/Leo/XDK-Workspace/stuff/debug/objects/stuff.o
 .text.httpGetTask
                0x00022054      0x1c0 C:/Users/Leo/XDK-Workspace/stuff/debug/objects/stuff.o
 .text.httpPostCustomHeaderSerializer
                0x00022214       0x9c C:/Users/Leo/XDK-Workspace/stuff/debug/objects/stuff.o
 .text.httpPostPayloadSerializer
                0x000222b0       0x8c C:/Users/Leo/XDK-Workspace/stuff/debug/objects/stuff.o
 .text.httpPostResponseCallback
                0x0002233c      0x13c C:/Users/Leo/XDK-Workspace/stuff/debug/objects/stuff.o
 .text.httpPostTask
                0x00022478      0x208 C:/Users/Leo/XDK-Workspace/stuff/debug/objects/stuff.o
 .text.triggerHttpRequestTimerCallback
                0x00022680       0x3c C:/Users/Leo/XDK-Workspace/stuff/debug/objects/stuff.o
 .text.appInitSystem
                0x000226bc      0x1bc C:/Users/Leo/XDK-Workspace/stuff/debug/objects/stuff.o
                0x000226bc                appInitSystem
 .text          0x00022878       0x98 C:/Users/Leo/XDK-Workspace/stuff/debug/objects/startup_efm32gg.o
                0x00022878                Reset_Handler
                0x000228ac                Default_Handler
                0x000228ae                NMI_Handler
                0x000228b0                HardFault_Handler
                0x000228b2                MemManage_Handler
                0x000228b4                BusFault_Handler
                0x000228b6                UsageFault_Handler
                0x000228ba                DebugMon_Handler
                0x000228c4                TIMER0_IRQHandler
                0x000228ca                ACMP0_IRQHandler
                0x000228ce                ADC0_IRQHandler
                0x000228d0                DAC0_IRQHandler
                0x000228d8                TIMER1_IRQHandler
                0x000228da                TIMER2_IRQHandler
                0x000228dc                TIMER3_IRQHandler
                0x000228e2                LESENSE_IRQHandler
                0x000228f0                LEUART0_IRQHandler
                0x000228f2                LEUART1_IRQHandler
                0x000228f4                LETIMER0_IRQHandler
                0x000228f6                PCNT0_IRQHandler
                0x000228f8                PCNT1_IRQHandler
                0x000228fa                PCNT2_IRQHandler
                0x000228fe                BURTC_IRQHandler
                0x00022900                CMU_IRQHandler
                0x00022902                VCMP_IRQHandler
                0x00022904                LCD_IRQHandler
                0x00022906                MSC_IRQHandler
                0x00022908                AES_IRQHandler
                0x0002290a                EBI_IRQHandler
                0x0002290c                EMU_IRQHandler
 .text.Retcode_GetPackage
                0x00022910       0x1c ./../Platform/Sensors/debug/libSensors_efm32_debug.a(Environmental.o)
 .text.bme280LibErrorMapping
                0x0002292c       0x48 ./../Platform/Sensors/debug/libSensors_efm32_debug.a(Environmental.o)
 .text.mappingEnumForGetFunctions
                0x00022974       0x5c ./../Platform/Sensors/debug/libSensors_efm32_debug.a(Environmental.o)
 .text.setOverSampling
                0x000229d0      0x1e4 ./../Platform/Sensors/debug/libSensors_efm32_debug.a(Environmental.o)
 .text.Environmental_init
                0x00022bb4       0x9c ./../Platform/Sensors/debug/libSensors_efm32_debug.a(Environmental.o)
                0x00022bb4                Environmental_init
 .text.Environmental_setPowerMode
                0x00022c50       0xbc ./../Platform/Sensors/debug/libSensors_efm32_debug.a(Environmental.o)
                0x00022c50                Environmental_setPowerMode
 .text.Environmental_getPowerMode
                0x00022d0c       0xe4 ./../Platform/Sensors/debug/libSensors_efm32_debug.a(Environmental.o)
                0x00022d0c                Environmental_getPowerMode
 .text.Environmental_readData
                0x00022df0       0xd0 ./../Platform/Sensors/debug/libSensors_efm32_debug.a(Environmental.o)
                0x00022df0                Environmental_readData
 .text.Environmental_readDataLSB
                0x00022ec0       0xa8 ./../Platform/Sensors/debug/libSensors_efm32_debug.a(Environmental.o)
                0x00022ec0                Environmental_readDataLSB
 .text.Environmental_setFilterCoefficient
                0x00022f68       0xbc ./../Platform/Sensors/debug/libSensors_efm32_debug.a(Environmental.o)
                0x00022f68                Environmental_setFilterCoefficient
 .text.Environmental_setOverSamplingTemperature
                0x00023024       0x28 ./../Platform/Sensors/debug/libSensors_efm32_debug.a(Environmental.o)
                0x00023024                Environmental_setOverSamplingTemperature
 .text.Environmental_setOverSamplingPressure
                0x0002304c       0x28 ./../Platform/Sensors/debug/libSensors_efm32_debug.a(Environmental.o)
                0x0002304c                Environmental_setOverSamplingPressure
 .text.Environmental_setOverSamplingHumidity
                0x00023074       0x28 ./../Platform/Sensors/debug/libSensors_efm32_debug.a(Environmental.o)
                0x00023074                Environmental_setOverSamplingHumidity
 .text.GPIO_PinOutClear
                0x0002309c       0x4c ./../Platform/BSP/debug/libBSP_efm32_debug.a(BSP_LED.o)
 .text.GPIO_PinOutSet
                0x000230e8       0x4c ./../Platform/BSP/debug/libBSP_efm32_debug.a(BSP_LED.o)
 .text.GPIO_PinOutToggle
                0x00023134       0x4c ./../Platform/BSP/debug/libBSP_efm32_debug.a(BSP_LED.o)
 .text.BSP_LED_Connect
                0x00023180       0x48 ./../Platform/BSP/debug/libBSP_efm32_debug.a(BSP_LED.o)
                0x00023180                BSP_LED_Connect
 .text.BSP_LED_EnableAll
                0x000231c8       0x3c ./../Platform/BSP/debug/libBSP_efm32_debug.a(BSP_LED.o)
                0x000231c8                BSP_LED_EnableAll
 .text.BSP_LED_Switch
                0x00023204      0x15c ./../Platform/BSP/debug/libBSP_efm32_debug.a(BSP_LED.o)
                0x00023204                BSP_LED_Switch
 .text.BSP_LED_SwitchAll
                0x00023360       0xd0 ./../Platform/BSP/debug/libBSP_efm32_debug.a(BSP_LED.o)
                0x00023360                BSP_LED_SwitchAll
 .text.USB_setSerialNumber
                0x00023430       0x7c ./../Platform/BSP/debug/libBSP_efm32_debug.a(BSP_USB.o)
 .text.USB_dataReceivedCallback
                0x000234ac       0x98 ./../Platform/BSP/debug/libBSP_efm32_debug.a(BSP_USB.o)
 .text.USB_dataTransferred
                0x00023544       0x4c ./../Platform/BSP/debug/libBSP_efm32_debug.a(BSP_USB.o)
 .text.USB_stateChange
                0x00023590       0x58 ./../Platform/BSP/debug/libBSP_efm32_debug.a(BSP_USB.o)
                0x00023590                USB_stateChange
 .text.USB_setupCommand
                0x000235e8      0x108 ./../Platform/BSP/debug/libBSP_efm32_debug.a(BSP_USB.o)
                0x000235e8                USB_setupCommand
 .text.USB_init
                0x000236f0       0xd0 ./../Platform/BSP/debug/libBSP_efm32_debug.a(BSP_USB.o)
                0x000236f0                USB_init
 .text.USB_receiveByte
                0x000237c0       0xa0 ./../Platform/BSP/debug/libBSP_efm32_debug.a(BSP_USB.o)
                0x000237c0                USB_receiveByte
 .text.RETARGET_WriteChar
                0x00023860       0x2c ./../Platform/BSP/debug/libBSP_efm32_debug.a(BSP_USB.o)
                0x00023860                RETARGET_WriteChar
 .text.USB_transmitData
                0x0002388c       0xc4 ./../Platform/BSP/debug/libBSP_efm32_debug.a(BSP_USB.o)
                0x0002388c                USB_transmitData
 .text.RETARGET_ReadChar
                0x00023950       0x24 ./../Platform/BSP/debug/libBSP_efm32_debug.a(BSP_USB.o)
                0x00023950                RETARGET_ReadChar
 .text.USB_callBackMapping
                0x00023974       0x38 ./../Platform/BSP/debug/libBSP_efm32_debug.a(BSP_USB.o)
                0x00023974                USB_callBackMapping
 .text.NVIC_SetPriorityGrouping
                0x000239ac       0x50 ./../Platform/BSP/debug/libBSP_efm32_debug.a(BSP_Board.o)
 .text.NVIC_EnableIRQ
                0x000239fc       0x38 ./../Platform/BSP/debug/libBSP_efm32_debug.a(BSP_Board.o)
 .text.NVIC_DisableIRQ
                0x00023a34       0x3c ./../Platform/BSP/debug/libBSP_efm32_debug.a(BSP_Board.o)
 .text.NVIC_ClearPendingIRQ
                0x00023a70       0x3c ./../Platform/BSP/debug/libBSP_efm32_debug.a(BSP_Board.o)
 .text.NVIC_SetPriority
                0x00023aac       0x5c ./../Platform/BSP/debug/libBSP_efm32_debug.a(BSP_Board.o)
 .text.SysTick_Config
                0x00023b08       0x64 ./../Platform/BSP/debug/libBSP_efm32_debug.a(BSP_Board.o)
 .text.CHIP_Init
                0x00023b6c       0x50 ./../Platform/BSP/debug/libBSP_efm32_debug.a(BSP_Board.o)
 .text.GPIO_PinOutClear
                0x00023bbc       0x4c ./../Platform/BSP/debug/libBSP_efm32_debug.a(BSP_Board.o)
 .text.GPIO_PinOutSet
                0x00023c08       0x4c ./../Platform/BSP/debug/libBSP_efm32_debug.a(BSP_Board.o)
 .text.INT_Disable
                0x00023c54       0x40 ./../Platform/BSP/debug/libBSP_efm32_debug.a(BSP_Board.o)
 .text.INT_Enable
                0x00023c94       0x54 ./../Platform/BSP/debug/libBSP_efm32_debug.a(BSP_Board.o)
 .text.BSP_Board_OSTickInitialize
                0x00023ce8       0x2c ./../Platform/BSP/debug/libBSP_efm32_debug.a(BSP_Board.o)
                0x00023ce8                BSP_Board_OSTickInitialize
 .text.BSP_Board_Initialize
                0x00023d14      0x150 ./../Platform/BSP/debug/libBSP_efm32_debug.a(BSP_Board.o)
                0x00023d14                BSP_Board_Initialize
 .text.BSP_Board_Delay
                0x00023e64       0x30 ./../Platform/BSP/debug/libBSP_efm32_debug.a(BSP_Board.o)
                0x00023e64                BSP_Board_Delay
 .text.BSP_Board_SetOStoBSPDelayFunc
                0x00023e94       0x20 ./../Platform/BSP/debug/libBSP_efm32_debug.a(BSP_Board.o)
                0x00023e94                BSP_Board_SetOStoBSPDelayFunc
 .text.Board_GPIOInterruptInit
                0x00023eb4       0x30 ./../Platform/BSP/debug/libBSP_efm32_debug.a(BSP_Board.o)
                0x00023eb4                Board_GPIOInterruptInit
 .text.Board_GPIOInterruptGetCallback
                0x00023ee4       0x24 ./../Platform/BSP/debug/libBSP_efm32_debug.a(BSP_Board.o)
                0x00023ee4                Board_GPIOInterruptGetCallback
 .text.Board_GPIOInterruptRegisterCallback
                0x00023f08       0x38 ./../Platform/BSP/debug/libBSP_efm32_debug.a(BSP_Board.o)
                0x00023f08                Board_GPIOInterruptRegisterCallback
 .text.Board_GPIOInterruptDispatch
                0x00023f40       0x64 ./../Platform/BSP/debug/libBSP_efm32_debug.a(BSP_Board.o)
                0x00023f40                Board_GPIOInterruptDispatch
 .text.Board_UART0_UART_Init
                0x00023fa4       0xcc ./../Platform/BSP/debug/libBSP_efm32_debug.a(BSP_Board.o)
                0x00023fa4                Board_UART0_UART_Init
 .text.Board_UART1_UART_Init
                0x00024070       0xcc ./../Platform/BSP/debug/libBSP_efm32_debug.a(BSP_Board.o)
                0x00024070                Board_UART1_UART_Init
 .text.Board_USART0_SPI_Init
                0x0002413c       0xa8 ./../Platform/BSP/debug/libBSP_efm32_debug.a(BSP_Board.o)
                0x0002413c                Board_USART0_SPI_Init
 .text.Board_USART1_SPI_Init
                0x000241e4       0x8c ./../Platform/BSP/debug/libBSP_efm32_debug.a(BSP_Board.o)
                0x000241e4                Board_USART1_SPI_Init
 .text.Board_GPIO_Init
                0x00024270       0x6c ./../Platform/BSP/debug/libBSP_efm32_debug.a(BSP_Board.o)
                0x00024270                Board_GPIO_Init
 .text.Board_WakeupPowerSupply2V5
                0x000242dc       0x50 ./../Platform/BSP/debug/libBSP_efm32_debug.a(BSP_Board.o)
                0x000242dc                Board_WakeupPowerSupply2V5
 .text.Board_SnoozePowerSupply2V5
                0x0002432c       0x4c ./../Platform/BSP/debug/libBSP_efm32_debug.a(BSP_Board.o)
                0x0002432c                Board_SnoozePowerSupply2V5
 .text.PowerSupply2V5UpdateRegister
                0x00024378      0x268 ./../Platform/BSP/debug/libBSP_efm32_debug.a(BSP_Board.o)
                0x00024378                PowerSupply2V5UpdateRegister
 .text.Board_ADC_Init
                0x000245e0       0x78 ./../Platform/BSP/debug/libBSP_efm32_debug.a(BSP_Board.o)
                0x000245e0                Board_ADC_Init
 .text.Board_I2C0_Init
                0x00024658       0x54 ./../Platform/BSP/debug/libBSP_efm32_debug.a(BSP_Board.o)
                0x00024658                Board_I2C0_Init
 .text.Board_I2C1_Init
                0x000246ac       0x54 ./../Platform/BSP/debug/libBSP_efm32_debug.a(BSP_Board.o)
                0x000246ac                Board_I2C1_Init
 .text.Board_USB_Init
                0x00024700       0x70 ./../Platform/BSP/debug/libBSP_efm32_debug.a(BSP_Board.o)
                0x00024700                Board_USB_Init
 .text.Board_IncTick
                0x00024770       0x24 ./../Platform/BSP/debug/libBSP_efm32_debug.a(BSP_Board.o)
                0x00024770                Board_IncTick
 .text.Board_GetTick
                0x00024794       0x18 ./../Platform/BSP/debug/libBSP_efm32_debug.a(BSP_Board.o)
                0x00024794                Board_GetTick
 .text.Board_Delay
                0x000247ac       0x30 ./../Platform/BSP/debug/libBSP_efm32_debug.a(BSP_Board.o)
                0x000247ac                Board_Delay
 .text.Board_RTC_Init
                0x000247dc       0xa0 ./../Platform/BSP/debug/libBSP_efm32_debug.a(BSP_Board.o)
                0x000247dc                Board_RTC_Init
 .text.Board_BURTC_Init
                0x0002487c       0x28 ./../Platform/BSP/debug/libBSP_efm32_debug.a(BSP_Board.o)
                0x0002487c                Board_BURTC_Init
 .text.BSP_Board_EnableSysTick
                0x000248a4       0x38 ./../Platform/BSP/debug/libBSP_efm32_debug.a(BSP_Board.o)
                0x000248a4                BSP_Board_EnableSysTick
 .text.NVIC_EnableIRQ
                0x000248dc       0x38 ./../Platform/BSP/debug/libBSP_efm32_debug.a(BSP_DMA.o)
 .text.NVIC_ClearPendingIRQ
                0x00024914       0x3c ./../Platform/BSP/debug/libBSP_efm32_debug.a(BSP_DMA.o)
 .text.NVIC_SetPriority
                0x00024950       0x5c ./../Platform/BSP/debug/libBSP_efm32_debug.a(BSP_DMA.o)
 .text.BSP_DMA_Initialize
                0x000249ac       0x88 ./../Platform/BSP/debug/libBSP_efm32_debug.a(BSP_DMA.o)
                0x000249ac                BSP_DMA_Initialize
 .text.BSP_DMA_Enable
                0x00024a34       0x54 ./../Platform/BSP/debug/libBSP_efm32_debug.a(BSP_DMA.o)
                0x00024a34                BSP_DMA_Enable
 .text.GPIO_IntClear
                0x00024a88       0x20 ./../Platform/BSP/debug/libBSP_efm32_debug.a(BSP_IrqHandler.o)
 .text.GPIO_IntGetEnabled
                0x00024aa8       0x30 ./../Platform/BSP/debug/libBSP_efm32_debug.a(BSP_IrqHandler.o)
 .text.SysTick_Handler
                0x00024ad8       0x40 ./../Platform/BSP/debug/libBSP_efm32_debug.a(BSP_IrqHandler.o)
                0x00024ad8                SysTick_Handler
 .text.GPIO_EVEN_IRQHandler
                0x00024b18       0x28 ./../Platform/BSP/debug/libBSP_efm32_debug.a(BSP_IrqHandler.o)
                0x00024b18                GPIO_EVEN_IRQHandler
 .text.GPIO_ODD_IRQHandler
                0x00024b40       0x28 ./../Platform/BSP/debug/libBSP_efm32_debug.a(BSP_IrqHandler.o)
                0x00024b40                GPIO_ODD_IRQHandler
 .text.UART0_TX_IRQHandler
                0x00024b68        0xc ./../Platform/BSP/debug/libBSP_efm32_debug.a(BSP_IrqHandler.o)
                0x00024b68                UART0_TX_IRQHandler
 .text.UART0_RX_IRQHandler
                0x00024b74        0xc ./../Platform/BSP/debug/libBSP_efm32_debug.a(BSP_IrqHandler.o)
                0x00024b74                UART0_RX_IRQHandler
 .text.USART0_TX_IRQHandler
                0x00024b80        0xc ./../Platform/BSP/debug/libBSP_efm32_debug.a(BSP_IrqHandler.o)
                0x00024b80                USART0_TX_IRQHandler
 .text.USART0_RX_IRQHandler
                0x00024b8c        0xc ./../Platform/BSP/debug/libBSP_efm32_debug.a(BSP_IrqHandler.o)
                0x00024b8c                USART0_RX_IRQHandler
 .text.I2C0_IRQHandler
                0x00024b98        0xc ./../Platform/BSP/debug/libBSP_efm32_debug.a(BSP_IrqHandler.o)
                0x00024b98                I2C0_IRQHandler
 .text.I2C1_IRQHandler
                0x00024ba4        0xc ./../Platform/BSP/debug/libBSP_efm32_debug.a(BSP_IrqHandler.o)
                0x00024ba4                I2C1_IRQHandler
 .text.USART2_TX_IRQHandler
                0x00024bb0        0xc ./../Platform/BSP/debug/libBSP_efm32_debug.a(BSP_IrqHandler.o)
                0x00024bb0                USART2_TX_IRQHandler
 .text.USART2_RX_IRQHandler
                0x00024bbc        0xc ./../Platform/BSP/debug/libBSP_efm32_debug.a(BSP_IrqHandler.o)
                0x00024bbc                USART2_RX_IRQHandler
 .text.UART1_TX_IRQHandler
                0x00024bc8        0xc ./../Platform/BSP/debug/libBSP_efm32_debug.a(BSP_IrqHandler.o)
                0x00024bc8                UART1_TX_IRQHandler
 .text.UART1_RX_IRQHandler
                0x00024bd4        0xc ./../Platform/BSP/debug/libBSP_efm32_debug.a(BSP_IrqHandler.o)
                0x00024bd4                UART1_RX_IRQHandler
 .text.USART1_TX_IRQHandler
                0x00024be0        0xc ./../Platform/BSP/debug/libBSP_efm32_debug.a(BSP_IrqHandler.o)
                0x00024be0                USART1_TX_IRQHandler
 .text.USART1_RX_IRQHandler
                0x00024bec        0xc ./../Platform/BSP/debug/libBSP_efm32_debug.a(BSP_IrqHandler.o)
                0x00024bec                USART1_RX_IRQHandler
 .text.RTC_IRQHandler
                0x00024bf8        0xc ./../Platform/BSP/debug/libBSP_efm32_debug.a(BSP_IrqHandler.o)
                0x00024bf8                RTC_IRQHandler
 .text.IrqHandler_SysTickDummyHandler
                0x00024c04       0x10 ./../Platform/BSP/debug/libBSP_efm32_debug.a(BSP_IrqHandler.o)
                0x00024c04                IrqHandler_SysTickDummyHandler
 .text.BSP_ExtensionPort_I2cIsr
                0x00024c14       0x5c ./../Platform/BSP/debug/libBSP_efm32_debug.a(BSP_ExtensionPort.o)
                0x00024c14                BSP_ExtensionPort_I2cIsr
 .text.BSP_ExtensionPort_SpiRxIsr
                0x00024c70       0x5c ./../Platform/BSP/debug/libBSP_efm32_debug.a(BSP_ExtensionPort.o)
                0x00024c70                BSP_ExtensionPort_SpiRxIsr
 .text.BSP_ExtensionPort_SpiTxIsr
                0x00024ccc       0x5c ./../Platform/BSP/debug/libBSP_efm32_debug.a(BSP_ExtensionPort.o)
                0x00024ccc                BSP_ExtensionPort_SpiTxIsr
 .text.BSP_ExtensionPort_UARTRxIsr
                0x00024d28       0x5c ./../Platform/BSP/debug/libBSP_efm32_debug.a(BSP_ExtensionPort.o)
                0x00024d28                BSP_ExtensionPort_UARTRxIsr
 .text.BSP_ExtensionPort_UARTTxIsr
                0x00024d84       0x5c ./../Platform/BSP/debug/libBSP_efm32_debug.a(BSP_ExtensionPort.o)
                0x00024d84                BSP_ExtensionPort_UARTTxIsr
 .text.NVIC_EnableIRQ
                0x00024de0       0x38 ./../Platform/BSP/debug/libBSP_efm32_debug.a(BSP_WiFi_cc3100mod.o)
 .text.NVIC_DisableIRQ
                0x00024e18       0x3c ./../Platform/BSP/debug/libBSP_efm32_debug.a(BSP_WiFi_cc3100mod.o)
 .text.NVIC_ClearPendingIRQ
                0x00024e54       0x3c ./../Platform/BSP/debug/libBSP_efm32_debug.a(BSP_WiFi_cc3100mod.o)
 .text.NVIC_SetPriority
                0x00024e90       0x5c ./../Platform/BSP/debug/libBSP_efm32_debug.a(BSP_WiFi_cc3100mod.o)
 .text.GPIO_IntClear
                0x00024eec       0x20 ./../Platform/BSP/debug/libBSP_efm32_debug.a(BSP_WiFi_cc3100mod.o)
 .text.GPIO_IntDisable
                0x00024f0c       0x34 ./../Platform/BSP/debug/libBSP_efm32_debug.a(BSP_WiFi_cc3100mod.o)
 .text.GPIO_IntEnable
                0x00024f40       0x30 ./../Platform/BSP/debug/libBSP_efm32_debug.a(BSP_WiFi_cc3100mod.o)
 .text.GPIO_PinOutClear
                0x00024f70       0x4c ./../Platform/BSP/debug/libBSP_efm32_debug.a(BSP_WiFi_cc3100mod.o)
 .text.GPIO_PinOutSet
                0x00024fbc       0x4c ./../Platform/BSP/debug/libBSP_efm32_debug.a(BSP_WiFi_cc3100mod.o)
 .text.Board_GPIOInterruptUnregisterCallback
                0x00025008       0x20 ./../Platform/BSP/debug/libBSP_efm32_debug.a(BSP_WiFi_cc3100mod.o)
 .text.BSP_WiFi_CC3100MOD_Connect
                0x00025028      0x1e8 ./../Platform/BSP/debug/libBSP_efm32_debug.a(BSP_WiFi_cc3100mod.o)
                0x00025028                BSP_WiFi_CC3100MOD_Connect
 .text.BSP_WiFi_CC3100MOD_Enable
                0x00025210      0x1a4 ./../Platform/BSP/debug/libBSP_efm32_debug.a(BSP_WiFi_cc3100mod.o)
                0x00025210                BSP_WiFi_CC3100MOD_Enable
 .text.BSP_WiFi_CC3100MOD_Disable
                0x000253b4       0xb0 ./../Platform/BSP/debug/libBSP_efm32_debug.a(BSP_WiFi_cc3100mod.o)
                0x000253b4                BSP_WiFi_CC3100MOD_Disable
 .text.BSP_WiFi_CC3100MOD_GetSPIHandle
                0x00025464       0x14 ./../Platform/BSP/debug/libBSP_efm32_debug.a(BSP_WiFi_cc3100mod.o)
                0x00025464                BSP_WiFi_CC3100MOD_GetSPIHandle
 .text.BSP_WiFi_CC3100MOD_SetCSLow
                0x00025478       0x18 ./../Platform/BSP/debug/libBSP_efm32_debug.a(BSP_WiFi_cc3100mod.o)
                0x00025478                BSP_WiFi_CC3100MOD_SetCSLow
 .text.BSP_WiFi_CC3100MOD_SetCSHigh
                0x00025490       0x18 ./../Platform/BSP/debug/libBSP_efm32_debug.a(BSP_WiFi_cc3100mod.o)
                0x00025490                BSP_WiFi_CC3100MOD_SetCSHigh
 .text.WiFi_CC3100MOD_SPIRxISR
                0x000254a8       0x28 ./../Platform/BSP/debug/libBSP_efm32_debug.a(BSP_WiFi_cc3100mod.o)
                0x000254a8                WiFi_CC3100MOD_SPIRxISR
 .text.WiFi_CC3100MOD_SPITxISR
                0x000254d0       0x28 ./../Platform/BSP/debug/libBSP_efm32_debug.a(BSP_WiFi_cc3100mod.o)
                0x000254d0                WiFi_CC3100MOD_SPITxISR
 .text.WiFi_CC3100MOD_SPI_RxDMAComplete
                0x000254f8       0x38 ./../Platform/BSP/debug/libBSP_efm32_debug.a(BSP_WiFi_cc3100mod.o)
                0x000254f8                WiFi_CC3100MOD_SPI_RxDMAComplete
 .text.WiFi_CC3100MOD_SPI_TxDMAComplete
                0x00025530       0x38 ./../Platform/BSP/debug/libBSP_efm32_debug.a(BSP_WiFi_cc3100mod.o)
                0x00025530                WiFi_CC3100MOD_SPI_TxDMAComplete
 .text.WiFi_INT_InterruptCallback
                0x00025568       0x14 ./../Platform/BSP/debug/libBSP_efm32_debug.a(BSP_WiFi_cc3100mod.o)
 .text.BT_EM9301_UART_TxISR
                0x0002557c       0x28 ./../Platform/BSP/debug/libBSP_efm32_debug.a(BSP_BT_EM9301.o)
                0x0002557c                BT_EM9301_UART_TxISR
 .text.BT_EM9301_UART_RxISR
                0x000255a4       0x28 ./../Platform/BSP/debug/libBSP_efm32_debug.a(BSP_BT_EM9301.o)
                0x000255a4                BT_EM9301_UART_RxISR
 .text.NVIC_EnableIRQ
                0x000255cc       0x38 ./../Platform/BSP/debug/libBSP_efm32_debug.a(BSP_SensorNode.o)
 .text.NVIC_DisableIRQ
                0x00025604       0x3c ./../Platform/BSP/debug/libBSP_efm32_debug.a(BSP_SensorNode.o)
 .text.NVIC_SetPriority
                0x00025640       0x5c ./../Platform/BSP/debug/libBSP_efm32_debug.a(BSP_SensorNode.o)
 .text.GPIO_PinInGet
                0x0002569c       0x4c ./../Platform/BSP/debug/libBSP_efm32_debug.a(BSP_SensorNode.o)
 .text.GPIO_PinOutSet
                0x000256e8       0x4c ./../Platform/BSP/debug/libBSP_efm32_debug.a(BSP_SensorNode.o)
 .text.BSP_SensorNode_Connect
                0x00025734      0x190 ./../Platform/BSP/debug/libBSP_efm32_debug.a(BSP_SensorNode.o)
                0x00025734                BSP_SensorNode_Connect
 .text.BSP_SensorNode_Enable
                0x000258c4      0x408 ./../Platform/BSP/debug/libBSP_efm32_debug.a(BSP_SensorNode.o)
                0x000258c4                BSP_SensorNode_Enable
 .text.BSP_SensorNode_GetI2CHandle
                0x00025ccc       0x34 ./../Platform/BSP/debug/libBSP_efm32_debug.a(BSP_SensorNode.o)
                0x00025ccc                BSP_SensorNode_GetI2CHandle
 .text.SensorNode_EnableBus
                0x00025d00       0x6c ./../Platform/BSP/debug/libBSP_efm32_debug.a(BSP_SensorNode.o)
 .text.BMA280_INT_InterruptCallback
                0x00025d6c       0x44 ./../Platform/BSP/debug/libBSP_efm32_debug.a(BSP_SensorNode.o)
 .text.BMA280_INT2_InterruptCallback
                0x00025db0       0x44 ./../Platform/BSP/debug/libBSP_efm32_debug.a(BSP_SensorNode.o)
 .text.MAX44009_INTN_InterruptCallback
                0x00025df4       0x44 ./../Platform/BSP/debug/libBSP_efm32_debug.a(BSP_SensorNode.o)
 .text.SensorNode_I2CISR
                0x00025e38       0x28 ./../Platform/BSP/debug/libBSP_efm32_debug.a(BSP_SensorNode.o)
                0x00025e38                SensorNode_I2CISR
 .text.SDCard_SPIRxISR
                0x00025e60       0x28 ./../Platform/BSP/debug/libBSP_efm32_debug.a(BSP_SDCard.o)
                0x00025e60                SDCard_SPIRxISR
 .text.SDCard_SPITxISR
                0x00025e88       0x28 ./../Platform/BSP/debug/libBSP_efm32_debug.a(BSP_SDCard.o)
                0x00025e88                SDCard_SPITxISR
 .text.xTaskGenericCreate
                0x00025eb0      0x1d0 ./../Libraries/FreeRTOS/debug/libFreeRTOS_efm32_debug.a(tasks.o)
                0x00025eb0                xTaskGenericCreate
 .text.vTaskDelete
                0x00026080      0x12c ./../Libraries/FreeRTOS/debug/libFreeRTOS_efm32_debug.a(tasks.o)
                0x00026080                vTaskDelete
 .text.vTaskDelay
                0x000261ac       0xac ./../Libraries/FreeRTOS/debug/libFreeRTOS_efm32_debug.a(tasks.o)
                0x000261ac                vTaskDelay
 .text.vTaskStartScheduler
                0x00026258       0xa0 ./../Libraries/FreeRTOS/debug/libFreeRTOS_efm32_debug.a(tasks.o)
                0x00026258                vTaskStartScheduler
 .text.vTaskSuspendAll
                0x000262f8       0x24 ./../Libraries/FreeRTOS/debug/libFreeRTOS_efm32_debug.a(tasks.o)
                0x000262f8                vTaskSuspendAll
 .text.xTaskResumeAll
                0x0002631c      0x180 ./../Libraries/FreeRTOS/debug/libFreeRTOS_efm32_debug.a(tasks.o)
                0x0002631c                xTaskResumeAll
 .text.xTaskGetTickCount
                0x0002649c       0x20 ./../Libraries/FreeRTOS/debug/libFreeRTOS_efm32_debug.a(tasks.o)
                0x0002649c                xTaskGetTickCount
 .text.xTaskIncrementTick
                0x000264bc      0x20c ./../Libraries/FreeRTOS/debug/libFreeRTOS_efm32_debug.a(tasks.o)
                0x000264bc                xTaskIncrementTick
 .text.vTaskSwitchContext
                0x000266c8      0x150 ./../Libraries/FreeRTOS/debug/libFreeRTOS_efm32_debug.a(tasks.o)
                0x000266c8                vTaskSwitchContext
 .text.vTaskPlaceOnEventList
                0x00026818       0xc4 ./../Libraries/FreeRTOS/debug/libFreeRTOS_efm32_debug.a(tasks.o)
                0x00026818                vTaskPlaceOnEventList
 .text.vTaskPlaceOnEventListRestricted
                0x000268dc       0xc4 ./../Libraries/FreeRTOS/debug/libFreeRTOS_efm32_debug.a(tasks.o)
                0x000268dc                vTaskPlaceOnEventListRestricted
 .text.xTaskRemoveFromEventList
                0x000269a0       0xe8 ./../Libraries/FreeRTOS/debug/libFreeRTOS_efm32_debug.a(tasks.o)
                0x000269a0                xTaskRemoveFromEventList
 .text.vTaskSetTimeOutState
                0x00026a88       0x44 ./../Libraries/FreeRTOS/debug/libFreeRTOS_efm32_debug.a(tasks.o)
                0x00026a88                vTaskSetTimeOutState
 .text.xTaskCheckForTimeOut
                0x00026acc       0xc4 ./../Libraries/FreeRTOS/debug/libFreeRTOS_efm32_debug.a(tasks.o)
                0x00026acc                xTaskCheckForTimeOut
 .text.vTaskMissedYield
                0x00026b90       0x18 ./../Libraries/FreeRTOS/debug/libFreeRTOS_efm32_debug.a(tasks.o)
                0x00026b90                vTaskMissedYield
 .text.prvIdleTask
                0x00026ba8       0x10 ./../Libraries/FreeRTOS/debug/libFreeRTOS_efm32_debug.a(tasks.o)
 .text.prvInitialiseTCBVariables
                0x00026bb8       0xbc ./../Libraries/FreeRTOS/debug/libFreeRTOS_efm32_debug.a(tasks.o)
 .text.prvInitialiseTaskLists
                0x00026c74       0xa4 ./../Libraries/FreeRTOS/debug/libFreeRTOS_efm32_debug.a(tasks.o)
 .text.prvCheckTasksWaitingTermination
                0x00026d18       0x9c ./../Libraries/FreeRTOS/debug/libFreeRTOS_efm32_debug.a(tasks.o)
 .text.prvAddCurrentTaskToDelayedList
                0x00026db4       0x8c ./../Libraries/FreeRTOS/debug/libFreeRTOS_efm32_debug.a(tasks.o)
 .text.prvAllocateTCBAndStack
                0x00026e40       0x7c ./../Libraries/FreeRTOS/debug/libFreeRTOS_efm32_debug.a(tasks.o)
 .text.prvDeleteTCB
                0x00026ebc       0x20 ./../Libraries/FreeRTOS/debug/libFreeRTOS_efm32_debug.a(tasks.o)
 .text.prvResetNextTaskUnblockTime
                0x00026edc       0x5c ./../Libraries/FreeRTOS/debug/libFreeRTOS_efm32_debug.a(tasks.o)
 .text.xTaskGetSchedulerState
                0x00026f38       0x48 ./../Libraries/FreeRTOS/debug/libFreeRTOS_efm32_debug.a(tasks.o)
                0x00026f38                xTaskGetSchedulerState
 .text.vTaskPriorityInherit
                0x00026f80      0x144 ./../Libraries/FreeRTOS/debug/libFreeRTOS_efm32_debug.a(tasks.o)
                0x00026f80                vTaskPriorityInherit
 .text.xTaskPriorityDisinherit
                0x000270c4      0x13c ./../Libraries/FreeRTOS/debug/libFreeRTOS_efm32_debug.a(tasks.o)
                0x000270c4                xTaskPriorityDisinherit
 .text.pvTaskIncrementMutexHeldCount
                0x00027200       0x38 ./../Libraries/FreeRTOS/debug/libFreeRTOS_efm32_debug.a(tasks.o)
                0x00027200                pvTaskIncrementMutexHeldCount
 .text.ulTaskNotifyTake
                0x00027238      0x128 ./../Libraries/FreeRTOS/debug/libFreeRTOS_efm32_debug.a(tasks.o)
                0x00027238                ulTaskNotifyTake
 .text.xTaskGenericNotify
                0x00027360      0x14c ./../Libraries/FreeRTOS/debug/libFreeRTOS_efm32_debug.a(tasks.o)
                0x00027360                xTaskGenericNotify
 .text.xTimerCreateTimerTask
                0x000274ac       0x78 ./../Libraries/FreeRTOS/debug/libFreeRTOS_efm32_debug.a(timers.o)
                0x000274ac                xTimerCreateTimerTask
 .text.xTimerCreate
                0x00027524       0x7c ./../Libraries/FreeRTOS/debug/libFreeRTOS_efm32_debug.a(timers.o)
                0x00027524                xTimerCreate
 .text.xTimerGenericCommand
                0x000275a0       0xac ./../Libraries/FreeRTOS/debug/libFreeRTOS_efm32_debug.a(timers.o)
                0x000275a0                xTimerGenericCommand
 .text.prvProcessExpiredTimer
                0x0002764c       0x88 ./../Libraries/FreeRTOS/debug/libFreeRTOS_efm32_debug.a(timers.o)
 .text.prvTimerTask
                0x000276d4       0x24 ./../Libraries/FreeRTOS/debug/libFreeRTOS_efm32_debug.a(timers.o)
 .text.prvProcessTimerOrBlockTask
                0x000276f8       0x78 ./../Libraries/FreeRTOS/debug/libFreeRTOS_efm32_debug.a(timers.o)
 .text.prvGetNextExpireTime
                0x00027770       0x54 ./../Libraries/FreeRTOS/debug/libFreeRTOS_efm32_debug.a(timers.o)
 .text.prvSampleTimeNow
                0x000277c4       0x4c ./../Libraries/FreeRTOS/debug/libFreeRTOS_efm32_debug.a(timers.o)
 .text.prvInsertTimerInActiveList
                0x00027810       0x94 ./../Libraries/FreeRTOS/debug/libFreeRTOS_efm32_debug.a(timers.o)
 .text.prvProcessReceivedCommands
                0x000278a4      0x174 ./../Libraries/FreeRTOS/debug/libFreeRTOS_efm32_debug.a(timers.o)
 .text.prvSwitchTimerLists
                0x00027a18       0xf0 ./../Libraries/FreeRTOS/debug/libFreeRTOS_efm32_debug.a(timers.o)
 .text.prvCheckForValidListAndQueue
                0x00027b08       0xb8 ./../Libraries/FreeRTOS/debug/libFreeRTOS_efm32_debug.a(timers.o)
 .text.pvTimerGetTimerID
                0x00027bc0       0x3c ./../Libraries/FreeRTOS/debug/libFreeRTOS_efm32_debug.a(timers.o)
                0x00027bc0                pvTimerGetTimerID
 .text.xTimerPendFunctionCallFromISR
                0x00027bfc       0x4c ./../Libraries/FreeRTOS/debug/libFreeRTOS_efm32_debug.a(timers.o)
                0x00027bfc                xTimerPendFunctionCallFromISR
 .text.pvPortMalloc
                0x00027c48      0x1e0 ./../Libraries/FreeRTOS/debug/libFreeRTOS_efm32_debug.a(heap_4.o)
                0x00027c48                pvPortMalloc
 .text.vPortFree
                0x00027e28       0xcc ./../Libraries/FreeRTOS/debug/libFreeRTOS_efm32_debug.a(heap_4.o)
                0x00027e28                vPortFree
 .text.prvHeapInit
                0x00027ef4       0xfc ./../Libraries/FreeRTOS/debug/libFreeRTOS_efm32_debug.a(heap_4.o)
 .text.prvInsertBlockIntoFreeList
                0x00027ff0       0xbc ./../Libraries/FreeRTOS/debug/libFreeRTOS_efm32_debug.a(heap_4.o)
 .text.pxPortInitialiseStack
                0x000280ac       0x64 ./../Libraries/FreeRTOS/debug/libFreeRTOS_efm32_debug.a(port.o)
                0x000280ac                pxPortInitialiseStack
 .text.prvTaskExitError
                0x00028110       0x2c ./../Libraries/FreeRTOS/debug/libFreeRTOS_efm32_debug.a(port.o)
 .text.SVC_Handler
                0x0002813c       0x24 ./../Libraries/FreeRTOS/debug/libFreeRTOS_efm32_debug.a(port.o)
                0x0002813c                SVC_Handler
 .text.prvPortStartFirstTask
                0x00028160       0x20 ./../Libraries/FreeRTOS/debug/libFreeRTOS_efm32_debug.a(port.o)
 .text.xPortStartScheduler
                0x00028180      0x10c ./../Libraries/FreeRTOS/debug/libFreeRTOS_efm32_debug.a(port.o)
                0x00028180                xPortStartScheduler
 .text.vPortYield
                0x0002828c       0x20 ./../Libraries/FreeRTOS/debug/libFreeRTOS_efm32_debug.a(port.o)
                0x0002828c                vPortYield
 .text.vPortEnterCritical
                0x000282ac       0x58 ./../Libraries/FreeRTOS/debug/libFreeRTOS_efm32_debug.a(port.o)
                0x000282ac                vPortEnterCritical
 .text.vPortExitCritical
                0x00028304       0x54 ./../Libraries/FreeRTOS/debug/libFreeRTOS_efm32_debug.a(port.o)
                0x00028304                vPortExitCritical
 .text.ulPortSetInterruptMask
                0x00028358       0x14 ./../Libraries/FreeRTOS/debug/libFreeRTOS_efm32_debug.a(port.o)
                0x00028358                ulPortSetInterruptMask
 .text.vPortClearInterruptMask
                0x0002836c        0x8 ./../Libraries/FreeRTOS/debug/libFreeRTOS_efm32_debug.a(port.o)
                0x0002836c                vPortClearInterruptMask
 .text.PendSV_Handler
                0x00028374       0x44 ./../Libraries/FreeRTOS/debug/libFreeRTOS_efm32_debug.a(port.o)
                0x00028374                PendSV_Handler
 .text.xPortSysTickHandler
                0x000283b8       0x2c ./../Libraries/FreeRTOS/debug/libFreeRTOS_efm32_debug.a(port.o)
                0x000283b8                xPortSysTickHandler
 .text.vPortSetupTimerInterrupt
                0x000283e4       0x28 ./../Libraries/FreeRTOS/debug/libFreeRTOS_efm32_debug.a(port.o)
                0x000283e4                vPortSetupTimerInterrupt
 .text.vPortValidateInterruptPriority
                0x0002840c       0x78 ./../Libraries/FreeRTOS/debug/libFreeRTOS_efm32_debug.a(port.o)
                0x0002840c                vPortValidateInterruptPriority
 .text.vListInitialise
                0x00028484       0x40 ./../Libraries/FreeRTOS/debug/libFreeRTOS_efm32_debug.a(list.o)
                0x00028484                vListInitialise
 .text.vListInitialiseItem
                0x000284c4       0x1c ./../Libraries/FreeRTOS/debug/libFreeRTOS_efm32_debug.a(list.o)
                0x000284c4                vListInitialiseItem
 .text.vListInsertEnd
                0x000284e0       0x48 ./../Libraries/FreeRTOS/debug/libFreeRTOS_efm32_debug.a(list.o)
                0x000284e0                vListInsertEnd
 .text.vListInsert
                0x00028528       0x74 ./../Libraries/FreeRTOS/debug/libFreeRTOS_efm32_debug.a(list.o)
                0x00028528                vListInsert
 .text.uxListRemove
                0x0002859c       0x58 ./../Libraries/FreeRTOS/debug/libFreeRTOS_efm32_debug.a(list.o)
                0x0002859c                uxListRemove
 .text.xQueueGenericReset
                0x000285f4       0xc8 ./../Libraries/FreeRTOS/debug/libFreeRTOS_efm32_debug.a(queue.o)
                0x000285f4                xQueueGenericReset
 .text.xQueueGenericCreate
                0x000286bc       0xb8 ./../Libraries/FreeRTOS/debug/libFreeRTOS_efm32_debug.a(queue.o)
                0x000286bc                xQueueGenericCreate
 .text.xQueueCreateMutex
                0x00028774       0xb8 ./../Libraries/FreeRTOS/debug/libFreeRTOS_efm32_debug.a(queue.o)
                0x00028774                xQueueCreateMutex
 .text.xQueueGenericSend
                0x0002882c      0x1c8 ./../Libraries/FreeRTOS/debug/libFreeRTOS_efm32_debug.a(queue.o)
                0x0002882c                xQueueGenericSend
 .text.xQueueGenericSendFromISR
                0x000289f4      0x110 ./../Libraries/FreeRTOS/debug/libFreeRTOS_efm32_debug.a(queue.o)
                0x000289f4                xQueueGenericSendFromISR
 .text.xQueueGiveFromISR
                0x00028b04      0x108 ./../Libraries/FreeRTOS/debug/libFreeRTOS_efm32_debug.a(queue.o)
                0x00028b04                xQueueGiveFromISR
 .text.xQueueGenericReceive
                0x00028c0c      0x1e0 ./../Libraries/FreeRTOS/debug/libFreeRTOS_efm32_debug.a(queue.o)
                0x00028c0c                xQueueGenericReceive
 .text.vQueueDelete
                0x00028dec       0x38 ./../Libraries/FreeRTOS/debug/libFreeRTOS_efm32_debug.a(queue.o)
                0x00028dec                vQueueDelete
 .text.prvCopyDataToQueue
                0x00028e24       0xe8 ./../Libraries/FreeRTOS/debug/libFreeRTOS_efm32_debug.a(queue.o)
 .text.prvCopyDataFromQueue
                0x00028f0c       0x50 ./../Libraries/FreeRTOS/debug/libFreeRTOS_efm32_debug.a(queue.o)
 .text.prvUnlockQueue
                0x00028f5c       0xc0 ./../Libraries/FreeRTOS/debug/libFreeRTOS_efm32_debug.a(queue.o)
 .text.prvIsQueueEmpty
                0x0002901c       0x34 ./../Libraries/FreeRTOS/debug/libFreeRTOS_efm32_debug.a(queue.o)
 .text.prvIsQueueFull
                0x00029050       0x38 ./../Libraries/FreeRTOS/debug/libFreeRTOS_efm32_debug.a(queue.o)
 .text.vQueueAddToRegistry
                0x00029088       0x64 ./../Libraries/FreeRTOS/debug/libFreeRTOS_efm32_debug.a(queue.o)
                0x00029088                vQueueAddToRegistry
 .text.vQueueUnregisterQueue
                0x000290ec       0x54 ./../Libraries/FreeRTOS/debug/libFreeRTOS_efm32_debug.a(queue.o)
                0x000290ec                vQueueUnregisterQueue
 .text.vQueueWaitForMessageRestricted
                0x00029140       0x64 ./../Libraries/FreeRTOS/debug/libFreeRTOS_efm32_debug.a(queue.o)
                0x00029140                vQueueWaitForMessageRestricted
 .text.prvNotifyQueueSetContainer
                0x000291a4       0xa8 ./../Libraries/FreeRTOS/debug/libFreeRTOS_efm32_debug.a(queue.o)
 .text.ADC_Init
                0x0002924c       0x68 ./../Libraries/EMlib/debug/libEMLib_efm32_debug.a(em_adc.o)
                0x0002924c                ADC_Init
 .text.ADC_PrescaleCalc
                0x000292b4       0x78 ./../Libraries/EMlib/debug/libEMLib_efm32_debug.a(em_adc.o)
                0x000292b4                ADC_PrescaleCalc
 .text.ADC_TimebaseCalc
                0x0002932c       0x74 ./../Libraries/EMlib/debug/libEMLib_efm32_debug.a(em_adc.o)
                0x0002932c                ADC_TimebaseCalc
 .text.BITBAND_Peripheral
                0x000293a0       0x30 ./../Libraries/EMlib/debug/libEMLib_efm32_debug.a(em_cmu.o)
 .text.CMU_MaxFreqHfle
                0x000293d0       0xb8 ./../Libraries/EMlib/debug/libEMLib_efm32_debug.a(em_cmu.o)
 .text.CMU_FlashWaitStateMax
                0x00029488       0x68 ./../Libraries/EMlib/debug/libEMLib_efm32_debug.a(em_cmu.o)
 .text.CMU_DivToLog2
                0x000294f0       0x38 ./../Libraries/EMlib/debug/libEMLib_efm32_debug.a(em_cmu.o)
 .text.CMU_FlashWaitStateControl
                0x00029528       0xf4 ./../Libraries/EMlib/debug/libEMLib_efm32_debug.a(em_cmu.o)
 .text.CMU_USBCClkGet
                0x0002961c       0x50 ./../Libraries/EMlib/debug/libEMLib_efm32_debug.a(em_cmu.o)
 .text.CMU_AUXClkGet
                0x0002966c       0x9c ./../Libraries/EMlib/debug/libEMLib_efm32_debug.a(em_cmu.o)
 .text.CMU_DBGClkGet
                0x00029708       0x64 ./../Libraries/EMlib/debug/libEMLib_efm32_debug.a(em_cmu.o)
 .text.CMU_LFClkGet
                0x0002976c       0xd4 ./../Libraries/EMlib/debug/libEMLib_efm32_debug.a(em_cmu.o)
 .text.CMU_Sync
                0x00029840       0x3c ./../Libraries/EMlib/debug/libEMLib_efm32_debug.a(em_cmu.o)
 .text.CMU_ClockDivSet
                0x0002987c      0x298 ./../Libraries/EMlib/debug/libEMLib_efm32_debug.a(em_cmu.o)
                0x0002987c                CMU_ClockDivSet
 .text.CMU_ClockEnable
                0x00029b14      0x10c ./../Libraries/EMlib/debug/libEMLib_efm32_debug.a(em_cmu.o)
                0x00029b14                CMU_ClockEnable
 .text.CMU_ClockFreqGet
                0x00029c20      0x1e8 ./../Libraries/EMlib/debug/libEMLib_efm32_debug.a(em_cmu.o)
                0x00029c20                CMU_ClockFreqGet
 .text.CMU_ClockSelectGet
                0x00029e08      0x1a4 ./../Libraries/EMlib/debug/libEMLib_efm32_debug.a(em_cmu.o)
                0x00029e08                CMU_ClockSelectGet
 .text.CMU_ClockSelectSet
                0x00029fac      0x38c ./../Libraries/EMlib/debug/libEMLib_efm32_debug.a(em_cmu.o)
                0x00029fac                CMU_ClockSelectSet
 .text.CMU_OscillatorEnable
                0x0002a338       0xe8 ./../Libraries/EMlib/debug/libEMLib_efm32_debug.a(em_cmu.o)
                0x0002a338                CMU_OscillatorEnable
 .text.MSC_Init
                0x0002a420      0x108 ./../Libraries/EMlib/debug/libEMLib_efm32_debug.a(em_msc.o)
                0x0002a420                MSC_Init
 .text.MSC_Deinit
                0x0002a528       0x30 ./../Libraries/EMlib/debug/libEMLib_efm32_debug.a(em_msc.o)
                0x0002a528                MSC_Deinit
 .text.NVIC_DisableIRQ
                0x0002a558       0x3c ./../Libraries/EMlib/debug/libEMLib_efm32_debug.a(em_dma.o)
 .text.BITBAND_Peripheral
                0x0002a594       0x30 ./../Libraries/EMlib/debug/libEMLib_efm32_debug.a(em_dma.o)
 .text.DMA_Prepare
                0x0002a5c4      0x138 ./../Libraries/EMlib/debug/libEMLib_efm32_debug.a(em_dma.o)
 .text.DMA_IRQHandler
                0x0002a6fc      0x110 ./../Libraries/EMlib/debug/libEMLib_efm32_debug.a(em_dma.o)
                0x0002a6fc                DMA_IRQHandler
 .text.DMA_ActivateBasic
                0x0002a80c       0x48 ./../Libraries/EMlib/debug/libEMLib_efm32_debug.a(em_dma.o)
                0x0002a80c                DMA_ActivateBasic
 .text.DMA_CfgChannel
                0x0002a854       0xc0 ./../Libraries/EMlib/debug/libEMLib_efm32_debug.a(em_dma.o)
                0x0002a854                DMA_CfgChannel
 .text.DMA_CfgDescr
                0x0002a914       0x84 ./../Libraries/EMlib/debug/libEMLib_efm32_debug.a(em_dma.o)
                0x0002a914                DMA_CfgDescr
 .text.DMA_Reset
                0x0002a998       0xd4 ./../Libraries/EMlib/debug/libEMLib_efm32_debug.a(em_dma.o)
                0x0002a998                DMA_Reset
 .text.EMU_UpdateOscConfig
                0x0002aa6c       0x20 ./../Libraries/EMlib/debug/libEMLib_efm32_debug.a(em_emu.o)
                0x0002aa6c                EMU_UpdateOscConfig
 .text.BITBAND_Peripheral
                0x0002aa8c       0x30 ./../Libraries/EMlib/debug/libEMLib_efm32_debug.a(em_gpio.o)
 .text.GPIO_DriveModeSet
                0x0002aabc       0x60 ./../Libraries/EMlib/debug/libEMLib_efm32_debug.a(em_gpio.o)
                0x0002aabc                GPIO_DriveModeSet
 .text.GPIO_IntConfig
                0x0002ab1c       0xf4 ./../Libraries/EMlib/debug/libEMLib_efm32_debug.a(em_gpio.o)
                0x0002ab1c                GPIO_IntConfig
 .text.GPIO_PinModeSet
                0x0002ac10      0x1b8 ./../Libraries/EMlib/debug/libEMLib_efm32_debug.a(em_gpio.o)
                0x0002ac10                GPIO_PinModeSet
 .text.BITBAND_Peripheral
                0x0002adc8       0x30 ./../Libraries/EMlib/debug/libEMLib_efm32_debug.a(em_i2c.o)
 .text.I2C_BusFreqSet
                0x0002adf8       0x94 ./../Libraries/EMlib/debug/libEMLib_efm32_debug.a(em_i2c.o)
                0x0002adf8                I2C_BusFreqSet
 .text.I2C_Enable
                0x0002ae8c       0x40 ./../Libraries/EMlib/debug/libEMLib_efm32_debug.a(em_i2c.o)
                0x0002ae8c                I2C_Enable
 .text.I2C_Init
                0x0002aecc       0x84 ./../Libraries/EMlib/debug/libEMLib_efm32_debug.a(em_i2c.o)
                0x0002aecc                I2C_Init
 .text.I2C_Transfer
                0x0002af50      0x4ec ./../Libraries/EMlib/debug/libEMLib_efm32_debug.a(em_i2c.o)
                0x0002af50                I2C_Transfer
 .text.I2C_TransferInit
                0x0002b43c      0x104 ./../Libraries/EMlib/debug/libEMLib_efm32_debug.a(em_i2c.o)
                0x0002b43c                I2C_TransferInit
 .text.USART_BaudrateAsyncSet
                0x0002b540       0xd0 ./../Libraries/EMlib/debug/libEMLib_efm32_debug.a(em_usart.o)
                0x0002b540                USART_BaudrateAsyncSet
 .text.USART_BaudrateSyncSet
                0x0002b610       0x7c ./../Libraries/EMlib/debug/libEMLib_efm32_debug.a(em_usart.o)
                0x0002b610                USART_BaudrateSyncSet
 .text.USART_InitAsync
                0x0002b68c       0xbc ./../Libraries/EMlib/debug/libEMLib_efm32_debug.a(em_usart.o)
                0x0002b68c                USART_InitAsync
 .text.USART_Reset
                0x0002b748       0xd8 ./../Libraries/EMlib/debug/libEMLib_efm32_debug.a(em_usart.o)
                0x0002b748                USART_Reset
 .text.SYSTEM_ChipRevisionGet
                0x0002b820       0x94 ./../Libraries/EMlib/debug/libEMLib_efm32_debug.a(em_system.o)
                0x0002b820                SYSTEM_ChipRevisionGet
 .text.NVIC_EnableIRQ
                0x0002b8b4       0x38 ./../Libraries/EMlib/debug/libEMLib_efm32_debug.a(em_usbd.o)
 .text.NVIC_ClearPendingIRQ
                0x0002b8ec       0x3c ./../Libraries/EMlib/debug/libEMLib_efm32_debug.a(em_usbd.o)
 .text.INT_Disable
                0x0002b928       0x40 ./../Libraries/EMlib/debug/libEMLib_efm32_debug.a(em_usbd.o)
 .text.INT_Enable
                0x0002b968       0x54 ./../Libraries/EMlib/debug/libEMLib_efm32_debug.a(em_usbd.o)
 .text.USBHAL_DisableGlobalInt
                0x0002b9bc       0x34 ./../Libraries/EMlib/debug/libEMLib_efm32_debug.a(em_usbd.o)
 .text.USBHAL_EnableGlobalInt
                0x0002b9f0       0x34 ./../Libraries/EMlib/debug/libEMLib_efm32_debug.a(em_usbd.o)
 .text.USBDHAL_EnableUsbResetAndSuspendInt
                0x0002ba24       0x38 ./../Libraries/EMlib/debug/libEMLib_efm32_debug.a(em_usbd.o)
 .text.USBDHAL_EpIsStalled
                0x0002ba5c       0x3c ./../Libraries/EMlib/debug/libEMLib_efm32_debug.a(em_usbd.o)
 .text.USBDHAL_GetStallStatusEp
                0x0002ba98       0xc0 ./../Libraries/EMlib/debug/libEMLib_efm32_debug.a(em_usbd.o)
 .text.USBDHAL_SetEp0InDmaPtr
                0x0002bb58       0x28 ./../Libraries/EMlib/debug/libEMLib_efm32_debug.a(em_usbd.o)
 .text.USBDHAL_SetEp0OutDmaPtr
                0x0002bb80       0x28 ./../Libraries/EMlib/debug/libEMLib_efm32_debug.a(em_usbd.o)
 .text.USBDHAL_StartEp0In
                0x0002bba8       0x5c ./../Libraries/EMlib/debug/libEMLib_efm32_debug.a(em_usbd.o)
 .text.USBDHAL_StartEp0Out
                0x0002bc04       0x5c ./../Libraries/EMlib/debug/libEMLib_efm32_debug.a(em_usbd.o)
 .text.USBDHAL_StartEpIn
                0x0002bc60       0xc8 ./../Libraries/EMlib/debug/libEMLib_efm32_debug.a(em_usbd.o)
 .text.USBDHAL_StartEpOut
                0x0002bd28       0xd4 ./../Libraries/EMlib/debug/libEMLib_efm32_debug.a(em_usbd.o)
 .text.USBD_ArmEp
                0x0002bdfc       0x28 ./../Libraries/EMlib/debug/libEMLib_efm32_debug.a(em_usbd.o)
 .text.USBD_ArmEp0
                0x0002be24       0x88 ./../Libraries/EMlib/debug/libEMLib_efm32_debug.a(em_usbd.o)
 .text.USBD_ArmEpN
                0x0002beac       0x28 ./../Libraries/EMlib/debug/libEMLib_efm32_debug.a(em_usbd.o)
 .text.USBD_GetEpFromAddr
                0x0002bed4       0xa0 ./../Libraries/EMlib/debug/libEMLib_efm32_debug.a(em_usbd.o)
 .text.USBD_Disconnect
                0x0002bf74       0x14 ./../Libraries/EMlib/debug/libEMLib_efm32_debug.a(em_usbd.o)
                0x0002bf74                USBD_Disconnect
 .text.USBD_GetUsbState
                0x0002bf88       0x1c ./../Libraries/EMlib/debug/libEMLib_efm32_debug.a(em_usbd.o)
                0x0002bf88                USBD_GetUsbState
 .text.USBD_Init
                0x0002bfa4      0x4fc ./../Libraries/EMlib/debug/libEMLib_efm32_debug.a(em_usbd.o)
                0x0002bfa4                USBD_Init
 .text.USBD_Read
                0x0002c4a0      0x108 ./../Libraries/EMlib/debug/libEMLib_efm32_debug.a(em_usbd.o)
                0x0002c4a0                USBD_Read
 .text.USBD_SetUsbState
                0x0002c5a8       0x98 ./../Libraries/EMlib/debug/libEMLib_efm32_debug.a(em_usbd.o)
                0x0002c5a8                USBD_SetUsbState
 .text.USBD_Write
                0x0002c640      0x10c ./../Libraries/EMlib/debug/libEMLib_efm32_debug.a(em_usbd.o)
                0x0002c640                USBD_Write
 .text.NVIC_ClearPendingIRQ
                0x0002c74c       0x3c ./../Libraries/EMlib/debug/libEMLib_efm32_debug.a(em_usbhal.o)
 .text.INT_Disable
                0x0002c788       0x40 ./../Libraries/EMlib/debug/libEMLib_efm32_debug.a(em_usbhal.o)
 .text.INT_Enable
                0x0002c7c8       0x54 ./../Libraries/EMlib/debug/libEMLib_efm32_debug.a(em_usbhal.o)
 .text.USBHAL_FlushRxFifo
                0x0002c81c       0x3c ./../Libraries/EMlib/debug/libEMLib_efm32_debug.a(em_usbhal.o)
 .text.USBHAL_FlushTxFifo
                0x0002c858       0x4c ./../Libraries/EMlib/debug/libEMLib_efm32_debug.a(em_usbhal.o)
 .text.USBDHAL_DeactivateEp
                0x0002c8a4       0x88 ./../Libraries/EMlib/debug/libEMLib_efm32_debug.a(em_usbhal.o)
 .text.USBDHAL_GetInEpInts
                0x0002c92c       0x44 ./../Libraries/EMlib/debug/libEMLib_efm32_debug.a(em_usbhal.o)
 .text.USBDHAL_GetOutEpInts
                0x0002c970       0x44 ./../Libraries/EMlib/debug/libEMLib_efm32_debug.a(em_usbhal.o)
 .text.USBDHAL_SetEPDISNAK
                0x0002c9b4       0xac ./../Libraries/EMlib/debug/libEMLib_efm32_debug.a(em_usbhal.o)
 .text.USBD_GetEpFromAddr
                0x0002ca60       0xa0 ./../Libraries/EMlib/debug/libEMLib_efm32_debug.a(em_usbhal.o)
 .text.USBHAL_CoreReset
                0x0002cb00       0xbc ./../Libraries/EMlib/debug/libEMLib_efm32_debug.a(em_usbhal.o)
                0x0002cb00                USBHAL_CoreReset
 .text.USBDHAL_CoreInit
                0x0002cbbc      0x3ec ./../Libraries/EMlib/debug/libEMLib_efm32_debug.a(em_usbhal.o)
                0x0002cbbc                USBDHAL_CoreInit
 .text.USBDHAL_Disconnect
                0x0002cfa8       0x3c ./../Libraries/EMlib/debug/libEMLib_efm32_debug.a(em_usbhal.o)
                0x0002cfa8                USBDHAL_Disconnect
 .text.USBDHAL_AbortAllEps
                0x0002cfe4      0x53c ./../Libraries/EMlib/debug/libEMLib_efm32_debug.a(em_usbhal.o)
                0x0002cfe4                USBDHAL_AbortAllEps
 .text.USBDHAL_AbortAllTransfers
                0x0002d520       0xc8 ./../Libraries/EMlib/debug/libEMLib_efm32_debug.a(em_usbhal.o)
                0x0002d520                USBDHAL_AbortAllTransfers
 .text.USBDHAL_ReenableEp0Setup
                0x0002d5e8       0x60 ./../Libraries/EMlib/debug/libEMLib_efm32_debug.a(em_usbdep.o)
 .text.USBDHAL_StallEp
                0x0002d648       0xcc ./../Libraries/EMlib/debug/libEMLib_efm32_debug.a(em_usbdep.o)
 .text.USBDHAL_StartEp0In
                0x0002d714       0x5c ./../Libraries/EMlib/debug/libEMLib_efm32_debug.a(em_usbdep.o)
 .text.USBDHAL_StartEp0Out
                0x0002d770       0x5c ./../Libraries/EMlib/debug/libEMLib_efm32_debug.a(em_usbdep.o)
 .text.USBD_GetEpFromAddr
                0x0002d7cc       0xa0 ./../Libraries/EMlib/debug/libEMLib_efm32_debug.a(em_usbdep.o)
 .text.USBD_ReArmEp0
                0x0002d86c       0x64 ./../Libraries/EMlib/debug/libEMLib_efm32_debug.a(em_usbdep.o)
 .text.USBDEP_Ep0Handler
                0x0002d8d0      0x300 ./../Libraries/EMlib/debug/libEMLib_efm32_debug.a(em_usbdep.o)
                0x0002d8d0                USBDEP_Ep0Handler
 .text.USBDEP_EpHandler
                0x0002dbd0       0x60 ./../Libraries/EMlib/debug/libEMLib_efm32_debug.a(em_usbdep.o)
                0x0002dbd0                USBDEP_EpHandler
 .text.TIMER_CounterGet
                0x0002dc30       0x18 ./../Libraries/EMlib/debug/libEMLib_efm32_debug.a(em_usbtimer.o)
 .text.TIMER_TopSet
                0x0002dc48       0x1c ./../Libraries/EMlib/debug/libEMLib_efm32_debug.a(em_usbtimer.o)
 .text.DelayTicks
                0x0002dc64       0x4c ./../Libraries/EMlib/debug/libEMLib_efm32_debug.a(em_usbtimer.o)
 .text.USBTIMER_DelayMs
                0x0002dcb0       0x84 ./../Libraries/EMlib/debug/libEMLib_efm32_debug.a(em_usbtimer.o)
                0x0002dcb0                USBTIMER_DelayMs
 .text.USBTIMER_DelayUs
                0x0002dd34      0x124 ./../Libraries/EMlib/debug/libEMLib_efm32_debug.a(em_usbtimer.o)
                0x0002dd34                USBTIMER_DelayUs
 .text.USBTIMER_Init
                0x0002de58      0x188 ./../Libraries/EMlib/debug/libEMLib_efm32_debug.a(em_usbtimer.o)
                0x0002de58                USBTIMER_Init
 .text.GetProdRev
                0x0002dfe0       0x1c ./../Libraries/EMlib/debug/libEMLib_efm32_debug.a(system_efm32gg.o)
 .text.SystemCoreClockGet
                0x0002dffc       0x58 ./../Libraries/EMlib/debug/libEMLib_efm32_debug.a(system_efm32gg.o)
                0x0002dffc                SystemCoreClockGet
 .text.SystemHFClockGet
                0x0002e054      0x110 ./../Libraries/EMlib/debug/libEMLib_efm32_debug.a(system_efm32gg.o)
                0x0002e054                SystemHFClockGet
 .text.SystemHFXOClockGet
                0x0002e164       0x18 ./../Libraries/EMlib/debug/libEMLib_efm32_debug.a(system_efm32gg.o)
                0x0002e164                SystemHFXOClockGet
 .text.SystemInit
                0x0002e17c        0xc ./../Libraries/EMlib/debug/libEMLib_efm32_debug.a(system_efm32gg.o)
                0x0002e17c                SystemInit
 .text.SystemLFRCOClockGet
                0x0002e188       0x10 ./../Libraries/EMlib/debug/libEMLib_efm32_debug.a(system_efm32gg.o)
                0x0002e188                SystemLFRCOClockGet
 .text.SystemULFRCOClockGet
                0x0002e198       0x10 ./../Libraries/EMlib/debug/libEMLib_efm32_debug.a(system_efm32gg.o)
                0x0002e198                SystemULFRCOClockGet
 .text.SystemLFXOClockGet
                0x0002e1a8       0x18 ./../Libraries/EMlib/debug/libEMLib_efm32_debug.a(system_efm32gg.o)
                0x0002e1a8                SystemLFXOClockGet
 .text.TIMER_Init
                0x0002e1c0      0x134 ./../Libraries/EMlib/debug/libEMLib_efm32_debug.a(em_timer.o)
                0x0002e1c0                TIMER_Init
 .text.TIMER_InitCC
                0x0002e2f4       0xec ./../Libraries/EMlib/debug/libEMLib_efm32_debug.a(em_timer.o)
                0x0002e2f4                TIMER_InitCC
 .text.USBDHAL_ActivateEp
                0x0002e3e0      0x148 ./../Libraries/EMlib/debug/libEMLib_efm32_debug.a(em_usbdch9.o)
 .text.USBDHAL_DeactivateEp
                0x0002e528       0x88 ./../Libraries/EMlib/debug/libEMLib_efm32_debug.a(em_usbdch9.o)
 .text.USBDHAL_GetStallStatusEp
                0x0002e5b0       0xc0 ./../Libraries/EMlib/debug/libEMLib_efm32_debug.a(em_usbdch9.o)
 .text.USBDHAL_SetAddr
                0x0002e670       0x3c ./../Libraries/EMlib/debug/libEMLib_efm32_debug.a(em_usbdch9.o)
 .text.USBDHAL_StallEp
                0x0002e6ac       0xcc ./../Libraries/EMlib/debug/libEMLib_efm32_debug.a(em_usbdch9.o)
 .text.USBDHAL_UnStallEp
                0x0002e778       0xe4 ./../Libraries/EMlib/debug/libEMLib_efm32_debug.a(em_usbdch9.o)
 .text.USBD_ActivateAllEps
                0x0002e85c       0x54 ./../Libraries/EMlib/debug/libEMLib_efm32_debug.a(em_usbdch9.o)
 .text.USBD_DeactivateAllEps
                0x0002e8b0       0x68 ./../Libraries/EMlib/debug/libEMLib_efm32_debug.a(em_usbdch9.o)
 .text.USBD_GetEpFromAddr
                0x0002e918       0xa0 ./../Libraries/EMlib/debug/libEMLib_efm32_debug.a(em_usbdch9.o)
 .text.USBDCH9_SetupCmd
                0x0002e9b8       0xec ./../Libraries/EMlib/debug/libEMLib_efm32_debug.a(em_usbdch9.o)
                0x0002e9b8                USBDCH9_SetupCmd
 .text.ClearFeature
                0x0002eaa4       0xcc ./../Libraries/EMlib/debug/libEMLib_efm32_debug.a(em_usbdch9.o)
 .text.GetConfiguration
                0x0002eb70       0xb8 ./../Libraries/EMlib/debug/libEMLib_efm32_debug.a(em_usbdch9.o)
 .text.GetDescriptor
                0x0002ec28      0x10c ./../Libraries/EMlib/debug/libEMLib_efm32_debug.a(em_usbdch9.o)
 .text.GetInterface
                0x0002ed34       0x94 ./../Libraries/EMlib/debug/libEMLib_efm32_debug.a(em_usbdch9.o)
 .text.GetStatus
                0x0002edc8      0x1b4 ./../Libraries/EMlib/debug/libEMLib_efm32_debug.a(em_usbdch9.o)
 .text.SetAddress
                0x0002ef7c       0xb4 ./../Libraries/EMlib/debug/libEMLib_efm32_debug.a(em_usbdch9.o)
 .text.SetConfiguration
                0x0002f030      0x10c ./../Libraries/EMlib/debug/libEMLib_efm32_debug.a(em_usbdch9.o)
 .text.SetFeature
                0x0002f13c      0x100 ./../Libraries/EMlib/debug/libEMLib_efm32_debug.a(em_usbdch9.o)
 .text.SetInterface
                0x0002f23c       0x68 ./../Libraries/EMlib/debug/libEMLib_efm32_debug.a(em_usbdch9.o)
 .text.bme280_init
                0x0002f2a4       0xcc ./../Libraries/BSTLib/debug/libBSTLib_efm32_debug.a(bme280.o)
                0x0002f2a4                bme280_init
 .text.bme280_compensate_temperature_int32
                0x0002f370       0xd0 ./../Libraries/BSTLib/debug/libBSTLib_efm32_debug.a(bme280.o)
                0x0002f370                bme280_compensate_temperature_int32
 .text.bme280_compensate_pressure_int32
                0x0002f440      0x1d4 ./../Libraries/BSTLib/debug/libBSTLib_efm32_debug.a(bme280.o)
                0x0002f440                bme280_compensate_pressure_int32
 .text.bme280_compensate_humidity_int32
                0x0002f614      0x110 ./../Libraries/BSTLib/debug/libBSTLib_efm32_debug.a(bme280.o)
                0x0002f614                bme280_compensate_humidity_int32
 .text.bme280_read_uncomp_pressure_temperature_humidity
                0x0002f724       0xe0 ./../Libraries/BSTLib/debug/libBSTLib_efm32_debug.a(bme280.o)
                0x0002f724                bme280_read_uncomp_pressure_temperature_humidity
 .text.bme280_read_pressure_temperature_humidity
                0x0002f804       0x8c ./../Libraries/BSTLib/debug/libBSTLib_efm32_debug.a(bme280.o)
                0x0002f804                bme280_read_pressure_temperature_humidity
 .text.bme280_get_calib_param
                0x0002f890      0x2d8 ./../Libraries/BSTLib/debug/libBSTLib_efm32_debug.a(bme280.o)
                0x0002f890                bme280_get_calib_param
 .text.bme280_set_oversamp_temperature
                0x0002fb68      0x1e8 ./../Libraries/BSTLib/debug/libBSTLib_efm32_debug.a(bme280.o)
                0x0002fb68                bme280_set_oversamp_temperature
 .text.bme280_set_oversamp_pressure
                0x0002fd50      0x1dc ./../Libraries/BSTLib/debug/libBSTLib_efm32_debug.a(bme280.o)
                0x0002fd50                bme280_set_oversamp_pressure
 .text.bme280_set_oversamp_humidity
                0x0002ff2c      0x228 ./../Libraries/BSTLib/debug/libBSTLib_efm32_debug.a(bme280.o)
                0x0002ff2c                bme280_set_oversamp_humidity
 .text.bme280_get_power_mode
                0x00030154       0x74 ./../Libraries/BSTLib/debug/libBSTLib_efm32_debug.a(bme280.o)
                0x00030154                bme280_get_power_mode
 .text.bme280_set_power_mode
                0x000301c8      0x1e8 ./../Libraries/BSTLib/debug/libBSTLib_efm32_debug.a(bme280.o)
                0x000301c8                bme280_set_power_mode
 .text.bme280_set_soft_rst
                0x000303b0       0x64 ./../Libraries/BSTLib/debug/libBSTLib_efm32_debug.a(bme280.o)
                0x000303b0                bme280_set_soft_rst
 .text.bme280_set_filter
                0x00030414      0x1e8 ./../Libraries/BSTLib/debug/libBSTLib_efm32_debug.a(bme280.o)
                0x00030414                bme280_set_filter
 .text.bme280_set_standby_durn
                0x000305fc      0x1e0 ./../Libraries/BSTLib/debug/libBSTLib_efm32_debug.a(bme280.o)
                0x000305fc                bme280_set_standby_durn
 .text.bme280_write_register
                0x000307dc       0x64 ./../Libraries/BSTLib/debug/libBSTLib_efm32_debug.a(bme280.o)
                0x000307dc                bme280_write_register
 .text.bme280_read_register
                0x00030840       0x64 ./../Libraries/BSTLib/debug/libBSTLib_efm32_debug.a(bme280.o)
                0x00030840                bme280_read_register
 .text.Retcode_Initialize
                0x000308a4       0x60 ./../Platform/Essentials/release/libEssentials_efm32.a(Retcode.o)
                0x000308a4                Retcode_Initialize
 .text.Retcode_RaiseError
                0x00030904       0x24 ./../Platform/Essentials/release/libEssentials_efm32.a(Retcode.o)
                0x00030904                Retcode_RaiseError
 .text.Retcode_RaiseErrorFromIsr
                0x00030928       0x24 ./../Platform/Essentials/release/libEssentials_efm32.a(Retcode.o)
                0x00030928                Retcode_RaiseErrorFromIsr
 .text.RTC_IntClear
                0x0003094c       0x20 ./../Platform/Essentials/release/libEssentials_efm32.a(Timer.o)
 .text.RTC_IntDisable
                0x0003096c       0x30 ./../Platform/Essentials/release/libEssentials_efm32.a(Timer.o)
 .text.RTC_IntGet
                0x0003099c       0x18 ./../Platform/Essentials/release/libEssentials_efm32.a(Timer.o)
 .text.TIMER_IntClear
                0x000309b4       0x1c ./../Platform/Essentials/release/libEssentials_efm32.a(Timer.o)
 .text.TIMER_IntDisable
                0x000309d0       0x24 ./../Platform/Essentials/release/libEssentials_efm32.a(Timer.o)
 .text.TIMER_IntGet
                0x000309f4       0x18 ./../Platform/Essentials/release/libEssentials_efm32.a(Timer.o)
 .text.LETIMER_IntClear
                0x00030a0c       0x1c ./../Platform/Essentials/release/libEssentials_efm32.a(Timer.o)
 .text.LETIMER_IntDisable
                0x00030a28       0x24 ./../Platform/Essentials/release/libEssentials_efm32.a(Timer.o)
 .text.LETIMER_IntGet
                0x00030a4c       0x18 ./../Platform/Essentials/release/libEssentials_efm32.a(Timer.o)
 .text.MCU_Timer_Initialize
                0x00030a64       0xe4 ./../Platform/Essentials/release/libEssentials_efm32.a(Timer.o)
                0x00030a64                MCU_Timer_Initialize
 .text.MCU_Timer_Callback
                0x00030b48       0x5c ./../Platform/Essentials/release/libEssentials_efm32.a(Timer.o)
                0x00030b48                MCU_Timer_Callback
 .text.ValidateTimerHandle
                0x00030ba4       0x40 ./../Platform/Essentials/release/libEssentials_efm32.a(Timer.o)
 .text.getTimerEvent
                0x00030be4       0xc8 ./../Platform/Essentials/release/libEssentials_efm32.a(Timer.o)
 .text.extractFlags_RTC
                0x00030cac       0x9c ./../Platform/Essentials/release/libEssentials_efm32.a(Timer.o)
 .text.extractFlags_LETIMER
                0x00030d48       0x9c ./../Platform/Essentials/release/libEssentials_efm32.a(Timer.o)
 .text.extractFlags_TIMER
                0x00030de4       0xd0 ./../Platform/Essentials/release/libEssentials_efm32.a(Timer.o)
 .text.MCU_Timer_GetRtcHandle
                0x00030eb4       0x14 ./../Platform/Essentials/release/libEssentials_efm32.a(Timer.o)
                0x00030eb4                MCU_Timer_GetRtcHandle
 .text.MCU_Timer_HandleRtcIrq
                0x00030ec8       0x14 ./../Platform/Essentials/release/libEssentials_efm32.a(Timer.o)
                0x00030ec8                MCU_Timer_HandleRtcIrq
 .text.CmdProcessor_Initialize
                0x00030edc       0xe0 ./../Platform/Utils/release/libUtils_efm32.a(CmdProcessor.o)
                0x00030edc                CmdProcessor_Initialize
 .text.CmdProcessor_Enqueue
                0x00030fbc       0x74 ./../Platform/Utils/release/libUtils_efm32.a(CmdProcessor.o)
                0x00030fbc                CmdProcessor_Enqueue
 .text.Run      0x00031030       0x14 ./../Platform/Utils/release/libUtils_efm32.a(CmdProcessor.o)
 .text.Dequeue  0x00031044       0x80 ./../Platform/Utils/release/libUtils_efm32.a(CmdProcessor.o)
 .text.NVM_Initialize
                0x000310c4       0x4c ./../Platform/Drivers/release/libDrivers_efm32.a(BCDS_NVM.o)
                0x000310c4                NVM_Initialize
 .text.objectConsistencyCheck
                0x00031110       0x58 ./../Platform/Drivers/release/libDrivers_efm32.a(BCDS_NVM.o)
 .text.NVM_Read
                0x00031168       0x7c ./../Platform/Drivers/release/libDrivers_efm32.a(BCDS_NVM.o)
                0x00031168                NVM_Read
 .text.itemConsistencyCheck
                0x000311e4       0x50 ./../Platform/Drivers/release/libDrivers_efm32.a(BCDS_NVM.o)
 .text.NVM_Write
                0x00031234       0x94 ./../Platform/Drivers/release/libDrivers_efm32.a(BCDS_NVM.o)
                0x00031234                NVM_Write
 .text.NVM_Flush
                0x000312c8       0x9c ./../Platform/Drivers/release/libDrivers_efm32.a(BCDS_NVM.o)
                0x000312c8                NVM_Flush
 .text.sectionUpdateRequired
                0x00031364       0x8c ./../Platform/Drivers/release/libDrivers_efm32.a(BCDS_NVM.o)
 .text.NVM_ReadUInt8
                0x000313f0       0x40 ./../Platform/Drivers/release/libDrivers_efm32.a(BCDS_NVM.o)
                0x000313f0                NVM_ReadUInt8
 .text.NVM_WriteUInt8
                0x00031430       0x40 ./../Platform/Drivers/release/libDrivers_efm32.a(BCDS_NVM.o)
                0x00031430                NVM_WriteUInt8
 .text.isLittleEndianPlatform
                0x00031470       0x30 ./../Platform/Drivers/release/libDrivers_efm32.a(BCDS_NVM.o)
 .text.NVM_IsEndiannessDifferent
                0x000314a0       0x54 ./../Platform/Drivers/release/libDrivers_efm32.a(BCDS_NVM.o)
 .text.NVM_SwapBytes
                0x000314f4       0xc4 ./../Platform/Drivers/release/libDrivers_efm32.a(BCDS_NVM.o)
 .text.NetworkConfig_SlNetAppEvtHdlr
                0x000315b8       0xa0 ./../Platform/Wlan/release/libWlan_efm32.a(NetworkConfig.o)
                0x000315b8                NetworkConfig_SlNetAppEvtHdlr
 .text.NetworkConfig_GetIpStatus
                0x00031658       0x18 ./../Platform/Wlan/release/libWlan_efm32.a(NetworkConfig.o)
                0x00031658                NetworkConfig_GetIpStatus
 .text.NetworkConfig_SetIpStatus
                0x00031670       0x20 ./../Platform/Wlan/release/libWlan_efm32.a(NetworkConfig.o)
                0x00031670                NetworkConfig_SetIpStatus
 .text.NetworkConfig_GetIpSettings
                0x00031690       0xa4 ./../Platform/Wlan/release/libWlan_efm32.a(NetworkConfig.o)
                0x00031690                NetworkConfig_GetIpSettings
 .text.NetworkConfig_SetIpDhcp
                0x00031734       0xac ./../Platform/Wlan/release/libWlan_efm32.a(NetworkConfig.o)
                0x00031734                NetworkConfig_SetIpDhcp
 .text.NetworkConfig_GetIpAddress
                0x000317e0       0x78 ./../Platform/Wlan/release/libWlan_efm32.a(NetworkConfig.o)
                0x000317e0                NetworkConfig_GetIpAddress
 .text.connectNonBlockingCall
                0x00031858      0x184 ./../Platform/Wlan/release/libWlan_efm32.a(WlanConnect.o)
 .text.connectBlockingCall
                0x000319dc       0xb8 ./../Platform/Wlan/release/libWlan_efm32.a(WlanConnect.o)
 .text.WlanConnect_SlGeneralEventHdlr
                0x00031a94       0xa8 ./../Platform/Wlan/release/libWlan_efm32.a(WlanConnect.o)
                0x00031a94                WlanConnect_SlGeneralEventHdlr
 .text.WlanConnect_SLWlanEventHdlr
                0x00031b3c       0x5c ./../Platform/Wlan/release/libWlan_efm32.a(WlanConnect.o)
                0x00031b3c                WlanConnect_SLWlanEventHdlr
 .text.WlanConnect_GetInitStatus
                0x00031b98       0x18 ./../Platform/Wlan/release/libWlan_efm32.a(WlanConnect.o)
                0x00031b98                WlanConnect_GetInitStatus
 .text.WlanConnect_Init
                0x00031bb0       0xd0 ./../Platform/Wlan/release/libWlan_efm32.a(WlanConnect.o)
                0x00031bb0                WlanConnect_Init
 .text.NonBlockingTimer
                0x00031c80       0xa0 ./../Platform/Wlan/release/libWlan_efm32.a(WlanConnect.o)
 .text.WlanConnect_WPA
                0x00031d20       0xc4 ./../Platform/Wlan/release/libWlan_efm32.a(WlanConnect.o)
                0x00031d20                WlanConnect_WPA
 .text.OsTime2Tick
                0x00031de4       0x44 ./../Platform/Wlan/release/libWlan_efm32.a(WlanDriver.o)
 .text.spiEventsCallbackFunc
                0x00031e28       0xd8 ./../Platform/Wlan/release/libWlan_efm32.a(WlanDriver.o)
 .text.CreateSpawnQAndTask
                0x00031f00       0x98 ./../Platform/Wlan/release/libWlan_efm32.a(WlanDriver.o)
 .text.WifiInterruptCallback
                0x00031f98       0x24 ./../Platform/Wlan/release/libWlan_efm32.a(WlanDriver.o)
 .text.WlanDriver_Init
                0x00031fbc       0xa8 ./../Platform/Wlan/release/libWlan_efm32.a(WlanDriver.o)
                0x00031fbc                WlanDriver_Init
 .text.WlanDriver_RegInterruptHdlr
                0x00032064       0x34 ./../Platform/Wlan/release/libWlan_efm32.a(WlanDriver.o)
                0x00032064                WlanDriver_RegInterruptHdlr
 .text.WlanDriver_SlHttpServerCb
                0x00032098       0x14 ./../Platform/Wlan/release/libWlan_efm32.a(WlanDriver.o)
                0x00032098                WlanDriver_SlHttpServerCb
 .text.WlanDriver_DeviceDisable
                0x000320ac       0x10 ./../Platform/Wlan/release/libWlan_efm32.a(WlanDriver.o)
                0x000320ac                WlanDriver_DeviceDisable
 .text.WlanDriver_DeviceEnable
                0x000320bc       0x18 ./../Platform/Wlan/release/libWlan_efm32.a(WlanDriver.o)
                0x000320bc                WlanDriver_DeviceEnable
 .text.WlanDriver_SpiClose
                0x000320d4       0x38 ./../Platform/Wlan/release/libWlan_efm32.a(WlanDriver.o)
                0x000320d4                WlanDriver_SpiClose
 .text.WlanDriver_SpiOpen
                0x0003210c       0x54 ./../Platform/Wlan/release/libWlan_efm32.a(WlanDriver.o)
                0x0003210c                WlanDriver_SpiOpen
 .text.WlanDriver_SpiWrite
                0x00032160       0x9c ./../Platform/Wlan/release/libWlan_efm32.a(WlanDriver.o)
                0x00032160                WlanDriver_SpiWrite
 .text.WlanDriver_SpiRead
                0x000321fc       0x9c ./../Platform/Wlan/release/libWlan_efm32.a(WlanDriver.o)
                0x000321fc                WlanDriver_SpiRead
 .text.WlanDriver_OsSyncObjectCreate
                0x00032298       0x3c ./../Platform/Wlan/release/libWlan_efm32.a(WlanDriver.o)
                0x00032298                WlanDriver_OsSyncObjectCreate
 .text.WlanDriver_OsSyncObjectDelete
                0x000322d4       0x30 ./../Platform/Wlan/release/libWlan_efm32.a(WlanDriver.o)
                0x000322d4                WlanDriver_OsSyncObjectDelete
 .text.WlanDriver_OsSyncObjectSignal
                0x00032304       0x3c ./../Platform/Wlan/release/libWlan_efm32.a(WlanDriver.o)
                0x00032304                WlanDriver_OsSyncObjectSignal
 .text.WlanDriver_OsSyncSignalFromISR
                0x00032340       0x54 ./../Platform/Wlan/release/libWlan_efm32.a(WlanDriver.o)
                0x00032340                WlanDriver_OsSyncSignalFromISR
 .text.WlanDriver_OsSyncObjectWait
                0x00032394       0x4c ./../Platform/Wlan/release/libWlan_efm32.a(WlanDriver.o)
                0x00032394                WlanDriver_OsSyncObjectWait
 .text.WlanDriver_OsLockObjectCreate
                0x000323e0       0x34 ./../Platform/Wlan/release/libWlan_efm32.a(WlanDriver.o)
                0x000323e0                WlanDriver_OsLockObjectCreate
 .text.WlanDriver_OsLockObjectDelete
                0x00032414       0x2c ./../Platform/Wlan/release/libWlan_efm32.a(WlanDriver.o)
                0x00032414                WlanDriver_OsLockObjectDelete
 .text.WlanDriver_OsLockObjectWait
                0x00032440       0x4c ./../Platform/Wlan/release/libWlan_efm32.a(WlanDriver.o)
                0x00032440                WlanDriver_OsLockObjectWait
 .text.WlanDriver_OsLockUnlock
                0x0003248c       0x44 ./../Platform/Wlan/release/libWlan_efm32.a(WlanDriver.o)
                0x0003248c                WlanDriver_OsLockUnlock
 .text.WlanDriver_SimpleLinkSpawnTask
                0x000324d0       0x60 ./../Platform/Wlan/release/libWlan_efm32.a(WlanDriver.o)
                0x000324d0                WlanDriver_SimpleLinkSpawnTask
 .text.WlanDriver_OsiSpawn
                0x00032530       0xa4 ./../Platform/Wlan/release/libWlan_efm32.a(WlanDriver.o)
                0x00032530                WlanDriver_OsiSpawn
 .text.BlePeripheral_SetMacAddress